<html>
<body>
<pre>
<h1>µVision Build Log</h1>
<h2>Tool Versions:</h2>
IDE-Version: µVision V5.29.0.0
Copyright (C) 2019 ARM Ltd and ARM Germany GmbH. All rights reserved.
License Information: --- ---, ipz, LIC=----
 
Tool Versions:
Toolchain:       MDK-Lite  Version: 5.29.0.0
Toolchain Path:  C:\Keil_v5\ARM\ARMCC\Bin
C Compiler:      Armcc.exe V5.06 update 6 (build 750)
Assembler:       Armasm.exe V5.06 update 6 (build 750)
Linker/Locator:  ArmLink.exe V5.06 update 6 (build 750)
Library Manager: ArmAr.exe V5.06 update 6 (build 750)
Hex Converter:   FromElf.exe V5.06 update 6 (build 750)
CPU DLL:         SARMCM3.DLL V5.29.0.0
Dialog DLL:      DCM.DLL V1.17.3.0
Target DLL:      UL2CM3.DLL V1.163.0.0
Dialog DLL:      TCM.DLL V1.36.5.0
 
<h2>Project:</h2>
I:\OldData\KeilProjects\Lab3\Lab03.uvprojx
Project File Date:  03/19/2021

<h2>Output:</h2>
*** Using Compiler 'V5.06 update 6 (build 750)', folder: 'C:\Keil_v5\ARM\ARMCC\Bin'
Build target 'Target 1'
compiling main.c...
linking...
Program Size: Code=7916 RO-data=820 RW-data=5344 ZI-data=1640  
".\Objects\Lab03.axf" - 0 Error(s), 0 Warning(s).

<h2>Software Packages used:</h2>

Package Vendor: ARM
                http://www.keil.com/pack/ARM.CMSIS.5.6.0.pack
                ARM.CMSIS.5.6.0
                CMSIS (Cortex Microcontroller Software Interface Standard)
   * Component: RTOS Version: 1.0.0
   * Component: RTOS2 Version: 2.1.3
   * Component: CORE Version: 5.3.0
   * Component: Keil RTX5 Version: 5.5.1
   * Component: Keil RTX5 Variant: Library Version: 5.5.1

Package Vendor: Keil
                http://www.keil.com/pack/Keil.STM32F4xx_DFP.2.15.0.pack
                Keil.STM32F4xx_DFP.2.15.0
                STMicroelectronics STM32F4 Series Device Support, Drivers and Examples
   * Component: Startup Version: 2.6.3

<h2>Collection of Component include folders:</h2>
  .\RTE\CMSIS
  .\RTE\_Target_1
  C:\Users\IvanPC\AppData\Local\Arm\Packs\ARM\CMSIS\5.6.0\CMSIS\Core\Include
  C:\Users\IvanPC\AppData\Local\Arm\Packs\ARM\CMSIS\5.6.0\CMSIS\RTOS2\Include
  C:\Users\IvanPC\AppData\Local\Arm\Packs\ARM\CMSIS\5.6.0\CMSIS\RTOS2\RTX\Include
  C:\Users\IvanPC\AppData\Local\Arm\Packs\ARM\CMSIS\5.6.0\CMSIS\RTOS2\RTX\Include1
  C:\Users\IvanPC\AppData\Local\Arm\Packs\Keil\STM32F4xx_DFP\2.15.0\Drivers\CMSIS\Device\ST\STM32F4xx\Include

<h2>Collection of Component Files used:</h2>

   * Component: ::CMSIS:RTOS:1.0.0 (API)

   * Component: ::CMSIS:RTOS2:2.1.3 (API)
      Include file:  CMSIS\RTOS2\Include\cmsis_os2.h

   * Component: ARM::CMSIS:CORE:5.3.0

   * Component: ARM::CMSIS:RTOS:Keil RTX5:5.5.1
      Source file:   CMSIS\RTOS2\RTX\Library\cmsis_os1.c
      Include file:  CMSIS\RTOS2\RTX\Include1\cmsis_os.h

   * Component: ARM::CMSIS:RTOS2:Keil RTX5:Library:5.5.1
      Source file:   CMSIS\RTOS2\RTX\Source\rtx_lib.c
      Library file:  CMSIS\RTOS2\RTX\Library\ARM\RTX_CM4F.lib
      Source file:   CMSIS\RTOS2\RTX\Template\svc_user.c
      Source file:   CMSIS\RTOS2\RTX\Template\Timer.c
      Include file:  CMSIS\RTOS2\RTX\Include\rtx_os.h
      Include file:  CMSIS\RTOS2\RTX\Config\RTX_Config.h
      Source file:   CMSIS\RTOS2\RTX\Template\MemPool.c
      Source file:   CMSIS\RTOS2\RTX\Template\MsgQueue.c
      Source file:   CMSIS\RTOS2\RTX\Template\Semaphore.c
      Source file:   CMSIS\RTOS2\RTX\Template\Events.c
      Source file:   CMSIS\RTOS2\RTX\Template\Mutex.c
      Source file:   CMSIS\RTOS2\RTX\Config\RTX_Config.c
      Source file:   CMSIS\RTOS2\RTX\Template\Thread.c
      Source file:   CMSIS\RTOS2\RTX\Template\main.c

   * Component: Keil::Device:Startup:2.6.3
      Source file:   MDK\Device\Source\ARM\STM32F4xx_OTP.s
      Source file:   MDK\Device\Source\ARM\STM32F40xxx_41xxx_OPT.s
      Source file:   Drivers\CMSIS\Device\ST\STM32F4xx\Source\Templates\arm\startup_stm32f407xx.s
      Include file:  Drivers\CMSIS\Device\ST\STM32F4xx\Include\stm32f4xx.h
      Source file:   Drivers\CMSIS\Device\ST\STM32F4xx\Source\Templates\system_stm32f4xx.c
Build Time Elapsed:  00:00:02
</pre>
</body>
</html>
