main.c:68:6:lcdSend	16	static
main.c:87:6:lcdCommand	16	static
main.c:90:6:lcdChar	16	static
main.c:94:6:setCursor	16	static
main.c:98:6:parametrsToggle	24	static
main.c:105:6:shiftToggle	24	static
main.c:111:6:scrollRight	8	static
main.c:114:6:scrollLeft	8	static
main.c:117:6:clear	8	static
main.c:122:6:home	8	static
main.c:129:6:initLCD	8	static
main.c:143:6:lcdString	24	static
main.c:160:5:main	80	static
main.c:214:6:SystemClock_Config	88	static
main.c:258:13:MX_GPIO_Init	16	static
main.c:274:6:Error_Handler	4	static,ignoring_inline_asm
