Component: ARM Compiler 5.06 update 6 (build 750) Tool: armlink [4d35ed]

==============================================================================

Section Cross References

    main.o(i.main) refers to globaldefines.o(i.ConfigGPIO) for ConfigGPIO
    main.o(i.main) refers to globaldefines.o(i.ConfigEXTI) for ConfigEXTI
    main.o(i.main) refers to rtx_kernel.o(.text.osKernelInitialize) for osKernelInitialize
    main.o(i.main) refers to cmsis_os1.o(i.osThreadCreate) for osThreadCreate
    main.o(i.main) refers to rtx_kernel.o(.text.osKernelStart) for osKernelStart
    main.o(i.main) refers to main.o(.constdata) for os_thread_def_redLEDTask
    main.o(i.main) refers to main.o(.data) for tid_redLEDTask
    main.o(.constdata) refers to task.o(i.redLEDTask) for redLEDTask
    main.o(.constdata) refers to main.o(.bss.os.thread.cb) for os_thread_cb_redLEDTask
    main.o(.constdata) refers to task.o(i.blueLEDTask) for blueLEDTask
    main.o(.constdata) refers to task.o(i.greenLEDTask) for greenLEDTask
    task.o(i.EXTI0_IRQHandler) refers to cmsis_os1.o(i.osSignalSet) for osSignalSet
    task.o(i.EXTI0_IRQHandler) refers to rtx_delay.o(.text.osDelay) for osDelay
    task.o(i.EXTI0_IRQHandler) refers to task.o(.data) for tid_greenLEDTask
    task.o(i.blueLEDTask) refers to globaldefines.o(i.LEDSwitchOnOff) for LEDSwitchOnOff
    task.o(i.blueLEDTask) refers to rtx_delay.o(.text.osDelay) for osDelay
    task.o(i.greenLEDTask) refers to cmsis_os1.o(i.osSignalWait) for osSignalWait
    task.o(i.greenLEDTask) refers to globaldefines.o(i.LEDSwitchOnOff) for LEDSwitchOnOff
    task.o(i.greenLEDTask) refers to rtx_delay.o(.text.osDelay) for osDelay
    task.o(i.greenLEDTask) refers to rtx_thread.o(.text.osThreadYield) for osThreadYield
    task.o(i.redLEDTask) refers to globaldefines.o(i.LEDSwitchOnOff) for LEDSwitchOnOff
    task.o(i.redLEDTask) refers to rtx_delay.o(.text.osDelay) for osDelay
    cmsis_os1.o(i.osMailAlloc) refers to rtx_mempool.o(.text.osMemoryPoolAlloc) for osMemoryPoolAlloc
    cmsis_os1.o(i.osMailCAlloc) refers to rtx_mempool.o(.text.osMemoryPoolGetBlockSize) for osMemoryPoolGetBlockSize
    cmsis_os1.o(i.osMailCAlloc) refers to rtx_mempool.o(.text.osMemoryPoolAlloc) for osMemoryPoolAlloc
    cmsis_os1.o(i.osMailCAlloc) refers to rt_memclr.o(.text) for __aeabi_memclr
    cmsis_os1.o(i.osMailCreate) refers to rtx_mempool.o(.text.osMemoryPoolNew) for osMemoryPoolNew
    cmsis_os1.o(i.osMailCreate) refers to rtx_msgqueue.o(.text.osMessageQueueNew) for osMessageQueueNew
    cmsis_os1.o(i.osMailCreate) refers to rtx_mempool.o(.text.osMemoryPoolDelete) for osMemoryPoolDelete
    cmsis_os1.o(i.osMailCreate) refers to rtx_msgqueue.o(.text.osMessageQueueDelete) for osMessageQueueDelete
    cmsis_os1.o(i.osMailFree) refers to rtx_mempool.o(.text.osMemoryPoolFree) for osMemoryPoolFree
    cmsis_os1.o(i.osMailGet) refers to rtx_msgqueue.o(.text.osMessageQueueGet) for osMessageQueueGet
    cmsis_os1.o(i.osMailPut) refers to rtx_msgqueue.o(.text.osMessageQueuePut) for osMessageQueuePut
    cmsis_os1.o(i.osMessageCreate) refers to rtx_msgqueue.o(.text.osMessageQueueNew) for osMessageQueueNew
    cmsis_os1.o(i.osMessageGet) refers to rtx_msgqueue.o(.text.osMessageQueueGet) for osMessageQueueGet
    cmsis_os1.o(i.osMessagePut) refers to rtx_msgqueue.o(.text.osMessageQueuePut) for osMessageQueuePut
    cmsis_os1.o(i.osMutexCreate) refers to rtx_mutex.o(.text.osMutexNew) for osMutexNew
    cmsis_os1.o(i.osPoolAlloc) refers to rtx_mempool.o(.text.osMemoryPoolAlloc) for osMemoryPoolAlloc
    cmsis_os1.o(i.osPoolCAlloc) refers to rtx_mempool.o(.text.osMemoryPoolGetBlockSize) for osMemoryPoolGetBlockSize
    cmsis_os1.o(i.osPoolCAlloc) refers to rtx_mempool.o(.text.osMemoryPoolAlloc) for osMemoryPoolAlloc
    cmsis_os1.o(i.osPoolCAlloc) refers to rt_memclr.o(.text) for __aeabi_memclr
    cmsis_os1.o(i.osPoolCreate) refers to rtx_mempool.o(.text.osMemoryPoolNew) for osMemoryPoolNew
    cmsis_os1.o(i.osPoolFree) refers to rtx_mempool.o(.text.osMemoryPoolFree) for osMemoryPoolFree
    cmsis_os1.o(i.osSemaphoreCreate) refers to rtx_semaphore.o(.text.osSemaphoreNew) for osSemaphoreNew
    cmsis_os1.o(i.osSemaphoreWait) refers to rtx_semaphore.o(.text.osSemaphoreAcquire) for osSemaphoreAcquire
    cmsis_os1.o(i.osSemaphoreWait) refers to rtx_semaphore.o(.text.osSemaphoreGetCount) for osSemaphoreGetCount
    cmsis_os1.o(i.osSignalClear) refers to rtx_thread.o(.text.osThreadGetId) for osThreadGetId
    cmsis_os1.o(i.osSignalClear) refers to rtx_thread.o(.text.osThreadFlagsClear) for osThreadFlagsClear
    cmsis_os1.o(i.osSignalSet) refers to rtx_thread.o(.text.osThreadFlagsSet) for osThreadFlagsSet
    cmsis_os1.o(i.osSignalWait) refers to rtx_thread.o(.text.osThreadFlagsWait) for osThreadFlagsWait
    cmsis_os1.o(i.osThreadCreate) refers to rtx_thread.o(.text.osThreadNew) for osThreadNew
    cmsis_os1.o(i.osTimerCreate) refers to rtx_timer.o(.text.osTimerNew) for osTimerNew
[...]
    C:\Users\IvanPC\AppData\Local\Arm\Packs\ARM\CMSIS\5.6.0\CMSIS\RTOS2\RTX\Library\cmsis_os1.c 0x00000000   Number         0  cmsis_os1.o ABSOLUTE
    C:\Users\IvanPC\AppData\Local\Arm\Packs\ARM\CMSIS\5.6.0\CMSIS\RTOS2\RTX\Source\rtx_lib.c 0x00000000   Number         0  rtx_lib.o ABSOLUTE
    C:\\Users\\IvanPC\\AppData\\Local\\Arm\\Packs\\ARM\\CMSIS\\5.6.0\\CMSIS\\RTOS2\\RTX\\Source\\rtx_lib.c 0x00000000   Number         0  rtx_lib.o ABSOLUTE
    RTE\CMSIS\RTX_Config.c                   0x00000000   Number         0  rtx_config.o ABSOLUTE
    RTE\Device\STM32F407VGTx\startup_stm32f407xx.s 0x00000000   Number         0  startup_stm32f407xx.o ABSOLUTE
    RTE\Device\STM32F407VGTx\system_stm32f4xx.c 0x00000000   Number         0  system_stm32f4xx.o ABSOLUTE
    RTE\\CMSIS\\RTX_Config.c                 0x00000000   Number         0  rtx_config.o ABSOLUTE
    RTE\\Device\\STM32F407VGTx\\system_stm32f4xx.c 0x00000000   Number         0  system_stm32f4xx.o ABSOLUTE
    dc.s                                     0x00000000   Number         0  dc.o ABSOLUTE
    globalDefines.c                          0x00000000   Number         0  globaldefines.o ABSOLUTE
    globalDefines.c                          0x00000000   Number         0  globaldefines.o ABSOLUTE
    main.c                                   0x00000000   Number         0  main.o ABSOLUTE
    main.c                                   0x00000000   Number         0  main.o ABSOLUTE
    os_systick.c                             0x00000000   Number         0  os_systick.o ABSOLUTE
    rtx_delay.c                              0x00000000   Number         0  rtx_delay.o ABSOLUTE
    rtx_kernel.c                             0x00000000   Number         0  rtx_kernel.o ABSOLUTE
    rtx_memory.c                             0x00000000   Number         0  rtx_memory.o ABSOLUTE
    rtx_mempool.c                            0x00000000   Number         0  rtx_mempool.o ABSOLUTE
    rtx_msgqueue.c                           0x00000000   Number         0  rtx_msgqueue.o ABSOLUTE
    rtx_mutex.c                              0x00000000   Number         0  rtx_mutex.o ABSOLUTE
    rtx_semaphore.c                          0x00000000   Number         0  rtx_semaphore.o ABSOLUTE
    rtx_system.c                             0x00000000   Number         0  rtx_system.o ABSOLUTE
    rtx_thread.c                             0x00000000   Number         0  rtx_thread.o ABSOLUTE
    rtx_timer.c                              0x00000000   Number         0  rtx_timer.o ABSOLUTE
    task.c                                   0x00000000   Number         0  task.o ABSOLUTE
    task.c                                   0x00000000   Number         0  task.o ABSOLUTE
    RESET                                    0x08000000   Section      392  startup_stm32f407xx.o(RESET)
    !!!main                                  0x08000188   Section        8  __main.o(!!!main)
    !!!scatter                               0x08000190   Section       52  __scatter.o(!!!scatter)
    !!dczerorl                               0x080001c4   Section       58  __dczerorl.o(!!dczerorl)
    !!handler_zi                             0x08000200   Section       28  __scatter_zi.o(!!handler_zi)
    .ARM.Collect$$libinit$$00000000          0x0800021c   Section        2  libinit.o(.ARM.Collect$$libinit$$00000000)
    .ARM.Collect$$libinit$$00000001          0x0800021e   Section        4  libinit2.o(.ARM.Collect$$libinit$$00000001)
    .ARM.Collect$$libinit$$00000004          0x08000222   Section        0  libinit2.o(.ARM.Collect$$libinit$$00000004)
    .ARM.Collect$$libinit$$0000000A          0x08000222   Section        0  libinit2.o(.ARM.Collect$$libinit$$0000000A)
    .ARM.Collect$$libinit$$0000000C          0x08000222   Section        0  libinit2.o(.ARM.Collect$$libinit$$0000000C)
    .ARM.Collect$$libinit$$0000000E          0x08000222   Section        0  libinit2.o(.ARM.Collect$$libinit$$0000000E)
    .ARM.Collect$$libinit$$00000011          0x08000222   Section        0  libinit2.o(.ARM.Collect$$libinit$$00000011)
    .ARM.Collect$$libinit$$00000013          0x08000222   Section        0  libinit2.o(.ARM.Collect$$libinit$$00000013)
    .ARM.Collect$$libinit$$00000015          0x08000222   Section        0  libinit2.o(.ARM.Collect$$libinit$$00000015)
    .ARM.Collect$$libinit$$00000017          0x08000222   Section        0  libinit2.o(.ARM.Collect$$libinit$$00000017)
    .ARM.Collect$$libinit$$00000019          0x08000222   Section        0  libinit2.o(.ARM.Collect$$libinit$$00000019)
    .ARM.Collect$$libinit$$0000001B          0x08000222   Section        0  libinit2.o(.ARM.Collect$$libinit$$0000001B)
    .ARM.Collect$$libinit$$0000001D          0x08000222   Section        0  libinit2.o(.ARM.Collect$$libinit$$0000001D)
    .ARM.Collect$$libinit$$0000001F          0x08000222   Section        0  libinit2.o(.ARM.Collect$$libinit$$0000001F)
    .ARM.Collect$$libinit$$00000021          0x08000222   Section        0  libinit2.o(.ARM.Collect$$libinit$$00000021)
    .ARM.Collect$$libinit$$00000023          0x08000222   Section        0  libinit2.o(.ARM.Collect$$libinit$$00000023)
    .ARM.Collect$$libinit$$00000025          0x08000222   Section        0  libinit2.o(.ARM.Collect$$libinit$$00000025)
    .ARM.Collect$$libinit$$0000002C          0x08000222   Section        0  libinit2.o(.ARM.Collect$$libinit$$0000002C)
    .ARM.Collect$$libinit$$0000002E          0x08000222   Section        0  libinit2.o(.ARM.Collect$$libinit$$0000002E)
    .ARM.Collect$$libinit$$00000030          0x08000222   Section        0  libinit2.o(.ARM.Collect$$libinit$$00000030)
    .ARM.Collect$$libinit$$00000032          0x08000222   Section        0  libinit2.o(.ARM.Collect$$libinit$$00000032)
    .ARM.Collect$$libinit$$00000033          0x08000222   Section        2  libinit2.o(.ARM.Collect$$libinit$$00000033)
    .ARM.Collect$$libshutdown$$00000000      0x08000224   Section        2  libshutdown.o(.ARM.Collect$$libshutdown$$00000000)
    .ARM.Collect$$libshutdown$$00000002      0x08000226   Section        0  libshutdown2.o(.ARM.Collect$$libshutdown$$00000002)
    .ARM.Collect$$libshutdown$$00000004      0x08000226   Section        0  libshutdown2.o(.ARM.Collect$$libshutdown$$00000004)
    .ARM.Collect$$libshutdown$$00000007      0x08000226   Section        0  libshutdown2.o(.ARM.Collect$$libshutdown$$00000007)
    .ARM.Collect$$libshutdown$$0000000A      0x08000226   Section        0  libshutdown2.o(.ARM.Collect$$libshutdown$$0000000A)
    .ARM.Collect$$libshutdown$$0000000C      0x08000226   Section        0  libshutdown2.o(.ARM.Collect$$libshutdown$$0000000C)
    .ARM.Collect$$libshutdown$$0000000F      0x08000226   Section        0  libshutdown2.o(.ARM.Collect$$libshutdown$$0000000F)
    .ARM.Collect$$libshutdown$$00000010      0x08000226   Section        2  libshutdown2.o(.ARM.Collect$$libshutdown$$00000010)
    .ARM.Collect$$rtentry$$00000000          0x08000228   Section        0  __rtentry.o(.ARM.Collect$$rtentry$$00000000)
    .ARM.Collect$$rtentry$$00000002          0x08000228   Section        0  __rtentry2.o(.ARM.Collect$$rtentry$$00000002)
    .ARM.Collect$$rtentry$$00000004          0x08000228   Section        6  __rtentry4.o(.ARM.Collect$$rtentry$$00000004)
    .ARM.Collect$$rtentry$$00000008          0x0800022e   Section        8  __rtentry2.o(.ARM.Collect$$rtentry$$00000008)
    .ARM.Collect$$rtentry$$0000000A          0x08000236   Section        4  __rtentry2.o(.ARM.Collect$$rtentry$$0000000A)
    .ARM.Collect$$rtentry$$0000000C          0x0800023a   Section        0  __rtentry2.o(.ARM.Collect$$rtentry$$0000000C)
    .ARM.Collect$$rtentry$$0000000D          0x0800023a   Section        8  __rtentry2.o(.ARM.Collect$$rtentry$$0000000D)
    .ARM.Collect$$rtexit$$00000000           0x08000242   Section        2  rtexit.o(.ARM.Collect$$rtexit$$00000000)
    .ARM.Collect$$rtexit$$00000002           0x08000244   Section        0  rtexit2.o(.ARM.Collect$$rtexit$$00000002)
    .ARM.Collect$$rtexit$$00000003           0x08000244   Section        4  rtexit2.o(.ARM.Collect$$rtexit$$00000003)
    .ARM.Collect$$rtexit$$00000004           0x08000248   Section        6  rtexit2.o(.ARM.Collect$$rtexit$$00000004)
    .text                                    0x08000250   Section       64  startup_stm32f407xx.o(.text)
    $v0                                      0x08000250   Number         0  startup_stm32f407xx.o(.text)
    .text                                    0x08000290   Section      196  irq_cm4f.o(.text)
    $v0                                      0x08000290   Number         0  irq_cm4f.o(.text)
    .text                                    0x08000354   Section      138  rt_memcpy_v6.o(.text)
    .text                                    0x080003de   Section       68  rt_memclr.o(.text)
    .text                                    0x08000422   Section       78  rt_memclr_w.o(.text)
    .text                                    0x08000470   Section        0  heapauxi.o(.text)
    .text                                    0x08000476   Section      100  rt_memcpy_w.o(.text)
    .text                                    0x080004da   Section       74  sys_stackheap_outer.o(.text)
    .text                                    0x08000524   Section        0  exit.o(.text)
    .text                                    0x08000538   Section        8  libspace.o(.text)
    .text                                    0x08000540   Section        0  sys_exit.o(.text)
    .text                                    0x0800054c   Section        2  use_no_semi.o(.text)
    [Anonymous Symbol]                       0x0800054e   Section        0  rtx_msgqueue.o(.text.MessageQueueGet)
    .text                                    0x0800054e   Section        0  indicate_semi.o(.text)
    MessageQueueGet                          0x0800054f   Thumb Code    68  rtx_msgqueue.o(.text.MessageQueueGet)
    [Anonymous Symbol]                       0x08000592   Section        0  rtx_msgqueue.o(.text.MessageQueuePut)
    MessageQueuePut                          0x08000593   Thumb Code    98  rtx_msgqueue.o(.text.MessageQueuePut)
    [Anonymous Symbol]                       0x080005f4   Section        0  rtx_msgqueue.o(.text.MessageQueueRemove)
    MessageQueueRemove                       0x080005f5   Thumb Code    28  rtx_msgqueue.o(.text.MessageQueueRemove)
    [Anonymous Symbol]                       0x08000610   Section        0  os_systick.o(.text.OS_Tick_AcknowledgeIRQ)
    __arm_cp.3_0                             0x08000618   Number         4  os_systick.o(.text.OS_Tick_AcknowledgeIRQ)
    [Anonymous Symbol]                       0x0800061c   Section        0  os_systick.o(.text.OS_Tick_Enable)
    __arm_cp.1_0                             0x0800063c   Number         4  os_systick.o(.text.OS_Tick_Enable)
    __arm_cp.1_1                             0x08000640   Number         4  os_systick.o(.text.OS_Tick_Enable)
    __arm_cp.1_2                             0x08000644   Number         4  os_systick.o(.text.OS_Tick_Enable)
    [Anonymous Symbol]                       0x08000648   Section        0  os_systick.o(.text.OS_Tick_GetIRQn)
    [Anonymous Symbol]                       0x08000650   Section        0  os_systick.o(.text.OS_Tick_Setup)
    __arm_cp.0_0                             0x08000680   Number         4  os_systick.o(.text.OS_Tick_Setup)
    __arm_cp.0_1                             0x08000684   Number         4  os_systick.o(.text.OS_Tick_Setup)
    __arm_cp.0_2                             0x08000688   Number         4  os_systick.o(.text.OS_Tick_Setup)
    __arm_cp.0_3                             0x0800068c   Number         4  os_systick.o(.text.OS_Tick_Setup)
    [Anonymous Symbol]                       0x08000690   Section        0  rtx_thread.o(.text.ThreadFlagsCheck)
    ThreadFlagsCheck                         0x08000691   Thumb Code   106  rtx_thread.o(.text.ThreadFlagsCheck)
    [Anonymous Symbol]                       0x080006fc   Section        0  rtx_timer.o(.text.TimerInsert)
    TimerInsert                              0x080006fd   Thumb Code    80  rtx_timer.o(.text.TimerInsert)
    __arm_cp.8_0                             0x08000748   Number         4  rtx_timer.o(.text.TimerInsert)
    [Anonymous Symbol]                       0x0800074c   Section        0  rtx_delay.o(.text.osDelay)
    __arm_cp.0_0                             0x0800076c   Number         4  rtx_delay.o(.text.osDelay)
    [Anonymous Symbol]                       0x08000770   Section        0  rtx_kernel.o(.text.osKernelGetState)
    __arm_cp.4_0                             0x08000798   Number         4  rtx_kernel.o(.text.osKernelGetState)
    __arm_cp.4_1                             0x0800079c   Number         4  rtx_kernel.o(.text.osKernelGetState)
    [Anonymous Symbol]                       0x080007a0   Section        0  rtx_kernel.o(.text.osKernelInitialize)
    __arm_cp.1_0                             0x080007c8   Number         4  rtx_kernel.o(.text.osKernelInitialize)
    [Anonymous Symbol]                       0x080007cc   Section        0  rtx_kernel.o(.text.osKernelStart)
    __arm_cp.6_0                             0x080007ec   Number         4  rtx_kernel.o(.text.osKernelStart)
    [Anonymous Symbol]                       0x080007f0   Section        0  rtx_msgqueue.o(.text.osMessageQueueGet)
    __arm_cp.3_0                             0x08000858   Number         4  rtx_msgqueue.o(.text.osMessageQueueGet)
    [Anonymous Symbol]                       0x0800085c   Section        0  rtx_msgqueue.o(.text.osMessageQueueNew)
    __arm_cp.0_0                             0x0800087c   Number         4  rtx_msgqueue.o(.text.osMessageQueueNew)
    [Anonymous Symbol]                       0x08000880   Section        0  rtx_msgqueue.o(.text.osMessageQueuePut)
    __arm_cp.2_0                             0x080008f4   Number         4  rtx_msgqueue.o(.text.osMessageQueuePut)
    [Anonymous Symbol]                       0x080008f8   Section        0  rtx_mutex.o(.text.osMutexAcquire)
    __arm_cp.3_0                             0x08000918   Number         4  rtx_mutex.o(.text.osMutexAcquire)
    [Anonymous Symbol]                       0x0800091c   Section        0  rtx_mutex.o(.text.osMutexDelete)
    __arm_cp.6_0                             0x0800093c   Number         4  rtx_mutex.o(.text.osMutexDelete)
    [Anonymous Symbol]                       0x08000940   Section        0  rtx_mutex.o(.text.osMutexNew)
    __arm_cp.1_0                             0x08000960   Number         4  rtx_mutex.o(.text.osMutexNew)
    [Anonymous Symbol]                       0x08000964   Section        0  rtx_mutex.o(.text.osMutexRelease)
    __arm_cp.4_0                             0x08000984   Number         4  rtx_mutex.o(.text.osMutexRelease)
    [Anonymous Symbol]                       0x08000988   Section        0  rtx_kernel.o(.text.osRtxKernelPreInit)
    [Anonymous Symbol]                       0x0800098a   Section        0  rtx_memory.o(.text.osRtxMemoryAlloc)
    [Anonymous Symbol]                       0x08000a0a   Section        0  rtx_memory.o(.text.osRtxMemoryFree)
    [Anonymous Symbol]                       0x08000a5c   Section        0  rtx_memory.o(.text.osRtxMemoryInit)
    [Anonymous Symbol]                       0x08000a92   Section        0  rtx_mempool.o(.text.osRtxMemoryPoolAlloc)
    [Anonymous Symbol]                       0x08000acc   Section        0  rtx_mempool.o(.text.osRtxMemoryPoolFree)
    [Anonymous Symbol]                       0x08000b16   Section        0  rtx_mempool.o(.text.osRtxMemoryPoolInit)
    [Anonymous Symbol]                       0x08000b5c   Section        0  rtx_msgqueue.o(.text.osRtxMessageQueuePostProcess)
    osRtxMessageQueuePostProcess             0x08000b5d   Thumb Code   186  rtx_msgqueue.o(.text.osRtxMessageQueuePostProcess)
    [Anonymous Symbol]                       0x08000c16   Section        0  rtx_mutex.o(.text.osRtxMutexOwnerRelease)
    [Anonymous Symbol]                       0x08000c60   Section        0  rtx_system.o(.text.osRtxPendSV_Handler)
    __arm_cp.1_0                             0x08000cec   Number         4  rtx_system.o(.text.osRtxPendSV_Handler)
    [Anonymous Symbol]                       0x08000cf0   Section        0  rtx_system.o(.text.osRtxPostProcess)
    __arm_cp.2_0                             0x08000d5c   Number         4  rtx_system.o(.text.osRtxPostProcess)
    __arm_cp.2_1                             0x08000d60   Number         4  rtx_system.o(.text.osRtxPostProcess)
    [Anonymous Symbol]                       0x08000d64   Section        0  rtx_thread.o(.text.osRtxThreadBlock)
    osRtxThreadBlock                         0x08000d65   Thumb Code    56  rtx_thread.o(.text.osRtxThreadBlock)
    __arm_cp.10_0                            0x08000d98   Number         4  rtx_thread.o(.text.osRtxThreadBlock)
    [Anonymous Symbol]                       0x08000d9c   Section        0  rtx_thread.o(.text.osRtxThreadDelayInsert)
    osRtxThreadDelayInsert                   0x08000d9d   Thumb Code   136  rtx_thread.o(.text.osRtxThreadDelayInsert)
    __arm_cp.14_0                            0x08000e20   Number         4  rtx_thread.o(.text.osRtxThreadDelayInsert)
    [Anonymous Symbol]                       0x08000e24   Section        0  rtx_thread.o(.text.osRtxThreadDelayRemove)
    osRtxThreadDelayRemove                   0x08000e25   Thumb Code    60  rtx_thread.o(.text.osRtxThreadDelayRemove)
    __arm_cp.12_0                            0x08000e5c   Number         4  rtx_thread.o(.text.osRtxThreadDelayRemove)
    [Anonymous Symbol]                       0x08000e60   Section        0  rtx_thread.o(.text.osRtxThreadDelayTick)
    __arm_cp.5_0                             0x08000e90   Number         4  rtx_thread.o(.text.osRtxThreadDelayTick)
    [Anonymous Symbol]                       0x08000e94   Section        0  rtx_thread.o(.text.osRtxThreadDispatch)
    __arm_cp.9_0                             0x08000eec   Number         4  rtx_thread.o(.text.osRtxThreadDispatch)
    [Anonymous Symbol]                       0x08000ef0   Section        0  rtx_thread.o(.text.osRtxThreadFree)
    osRtxThreadFree                          0x08000ef1   Thumb Code    88  rtx_thread.o(.text.osRtxThreadFree)
    __arm_cp.52_0                            0x08000f44   Number         4  rtx_thread.o(.text.osRtxThreadFree)
    [Anonymous Symbol]                       0x08000f48   Section        0  rtx_thread.o(.text.osRtxThreadListGet)
    [Anonymous Symbol]                       0x08000f5c   Section        0  rtx_thread.o(.text.osRtxThreadListPut)
    [Anonymous Symbol]                       0x08000f86   Section        0  rtx_thread.o(.text.osRtxThreadListRemove)
    [Anonymous Symbol]                       0x08000f9a   Section        0  rtx_thread.o(.text.osRtxThreadListSort)
    [Anonymous Symbol]                       0x08000fc2   Section        0  rtx_thread.o(.text.osRtxThreadPostProcess)
    osRtxThreadPostProcess                   0x08000fc3   Thumb Code    42  rtx_thread.o(.text.osRtxThreadPostProcess)
    [Anonymous Symbol]                       0x08000fec   Section        0  rtx_thread.o(.text.osRtxThreadReadyPut)
    __arm_cp.4_0                             0x08000ffc   Number         4  rtx_thread.o(.text.osRtxThreadReadyPut)
    [Anonymous Symbol]                       0x08001000   Section        0  rtx_thread.o(.text.osRtxThreadRegPtr)
    [Anonymous Symbol]                       0x08001014   Section        0  rtx_thread.o(.text.osRtxThreadStackCheck)
    __arm_cp.8_0                             0x08001034   Number         4  rtx_thread.o(.text.osRtxThreadStackCheck)
    __arm_cp.8_1                             0x08001038   Number         4  rtx_thread.o(.text.osRtxThreadStackCheck)
    [Anonymous Symbol]                       0x0800103c   Section        0  rtx_thread.o(.text.osRtxThreadStartup)
    __arm_cp.15_0                            0x0800106c   Number         4  rtx_thread.o(.text.osRtxThreadStartup)
    __arm_cp.15_1                            0x08001070   Number         4  rtx_thread.o(.text.osRtxThreadStartup)
    __arm_cp.15_2                            0x08001074   Number         4  rtx_thread.o(.text.osRtxThreadStartup)
    __arm_cp.15_3                            0x08001078   Number         4  rtx_thread.o(.text.osRtxThreadStartup)
    [Anonymous Symbol]                       0x0800107c   Section        0  rtx_thread.o(.text.osRtxThreadSwitch)
    __arm_cp.7_0                             0x08001088   Number         4  rtx_thread.o(.text.osRtxThreadSwitch)
    [Anonymous Symbol]                       0x0800108c   Section        0  rtx_thread.o(.text.osRtxThreadWaitEnter)
    __arm_cp.13_0                            0x080010c4   Number         4  rtx_thread.o(.text.osRtxThreadWaitEnter)
    [Anonymous Symbol]                       0x080010c8   Section        0  rtx_thread.o(.text.osRtxThreadWaitExit)
    [Anonymous Symbol]                       0x080010fc   Section        0  rtx_system.o(.text.osRtxTick_Handler)
    __arm_cp.0_0                             0x08001168   Number         4  rtx_system.o(.text.osRtxTick_Handler)
    [Anonymous Symbol]                       0x0800116c   Section        0  rtx_timer.o(.text.osRtxTimerThread)
    __arm_cp.0_0                             0x0800119c   Number         4  rtx_timer.o(.text.osRtxTimerThread)
    __arm_cp.0_1                             0x080011a0   Number         4  rtx_timer.o(.text.osRtxTimerThread)
    __arm_cp.0_2                             0x080011a4   Number         4  rtx_timer.o(.text.osRtxTimerThread)
    [Anonymous Symbol]                       0x080011a8   Section        0  rtx_timer.o(.text.osRtxTimerTick)
    osRtxTimerTick                           0x080011a9   Thumb Code    88  rtx_timer.o(.text.osRtxTimerTick)
    __arm_cp.1_0                             0x080011fc   Number         4  rtx_timer.o(.text.osRtxTimerTick)
    [Anonymous Symbol]                       0x08001200   Section        0  rtx_thread.o(.text.osThreadExit)
    __arm_cp.31_0                            0x08001208   Number         4  rtx_thread.o(.text.osThreadExit)
    [Anonymous Symbol]                       0x0800120c   Section        0  rtx_thread.o(.text.osThreadFlagsSet)
    __arm_cp.35_0                            0x08001260   Number         4  rtx_thread.o(.text.osThreadFlagsSet)
    [Anonymous Symbol]                       0x08001264   Section        0  rtx_thread.o(.text.osThreadFlagsWait)
    __arm_cp.38_0                            0x08001284   Number         4  rtx_thread.o(.text.osThreadFlagsWait)
    [Anonymous Symbol]                       0x08001288   Section        0  rtx_thread.o(.text.osThreadNew)
    __arm_cp.17_0                            0x080012a8   Number         4  rtx_thread.o(.text.osThreadNew)
    [Anonymous Symbol]                       0x080012ac   Section        0  rtx_thread.o(.text.osThreadYield)
    __arm_cp.26_0                            0x080012cc   Number         4  rtx_thread.o(.text.osThreadYield)
    [Anonymous Symbol]                       0x080012d0   Section        0  rtx_delay.o(.text.svcRtxDelay)
    svcRtxDelay                              0x080012d1   Thumb Code    20  rtx_delay.o(.text.svcRtxDelay)
    [Anonymous Symbol]                       0x080012e4   Section        0  rtx_kernel.o(.text.svcRtxKernelGetState)
    svcRtxKernelGetState                     0x080012e5   Thumb Code    12  rtx_kernel.o(.text.svcRtxKernelGetState)
    __arm_cp.5_0                             0x080012ec   Number         4  rtx_kernel.o(.text.svcRtxKernelGetState)
    [Anonymous Symbol]                       0x080012f0   Section        0  rtx_kernel.o(.text.svcRtxKernelInitialize)
    svcRtxKernelInitialize                   0x080012f1   Thumb Code   340  rtx_kernel.o(.text.svcRtxKernelInitialize)
    __arm_cp.20_0                            0x08001438   Number         4  rtx_kernel.o(.text.svcRtxKernelInitialize)
    __arm_cp.20_1                            0x0800143c   Number         4  rtx_kernel.o(.text.svcRtxKernelInitialize)
    __arm_cp.20_2                            0x08001440   Number         4  rtx_kernel.o(.text.svcRtxKernelInitialize)
    [Anonymous Symbol]                       0x08001444   Section        0  rtx_kernel.o(.text.svcRtxKernelStart)
    svcRtxKernelStart                        0x08001445   Thumb Code   136  rtx_kernel.o(.text.svcRtxKernelStart)
    __arm_cp.21_0                            0x080014bc   Number         4  rtx_kernel.o(.text.svcRtxKernelStart)
    __arm_cp.21_1                            0x080014c0   Number         4  rtx_kernel.o(.text.svcRtxKernelStart)
    __arm_cp.21_2                            0x080014c4   Number         4  rtx_kernel.o(.text.svcRtxKernelStart)
    __arm_cp.21_3                            0x080014c8   Number         4  rtx_kernel.o(.text.svcRtxKernelStart)
    [Anonymous Symbol]                       0x080014cc   Section        0  rtx_msgqueue.o(.text.svcRtxMessageQueueGet)
    svcRtxMessageQueueGet                    0x080014cd   Thumb Code   224  rtx_msgqueue.o(.text.svcRtxMessageQueueGet)
    __arm_cp.21_0                            0x080015a8   Number         4  rtx_msgqueue.o(.text.svcRtxMessageQueueGet)
    [Anonymous Symbol]                       0x080015ac   Section        0  rtx_msgqueue.o(.text.svcRtxMessageQueueNew)
    svcRtxMessageQueueNew                    0x080015ad   Thumb Code   308  rtx_msgqueue.o(.text.svcRtxMessageQueueNew)
    __arm_cp.14_0                            0x080016d8   Number         4  rtx_msgqueue.o(.text.svcRtxMessageQueueNew)
    __arm_cp.14_1                            0x080016dc   Number         4  rtx_msgqueue.o(.text.svcRtxMessageQueueNew)
    [Anonymous Symbol]                       0x080016e0   Section        0  rtx_msgqueue.o(.text.svcRtxMessageQueuePut)
    svcRtxMessageQueuePut                    0x080016e1   Thumb Code   192  rtx_msgqueue.o(.text.svcRtxMessageQueuePut)
    __arm_cp.19_0                            0x0800179c   Number         4  rtx_msgqueue.o(.text.svcRtxMessageQueuePut)
    [Anonymous Symbol]                       0x080017a0   Section        0  rtx_mutex.o(.text.svcRtxMutexAcquire)
    svcRtxMutexAcquire                       0x080017a1   Thumb Code   144  rtx_mutex.o(.text.svcRtxMutexAcquire)
    __arm_cp.9_0                             0x0800182c   Number         4  rtx_mutex.o(.text.svcRtxMutexAcquire)
    [Anonymous Symbol]                       0x08001830   Section        0  rtx_mutex.o(.text.svcRtxMutexDelete)
    svcRtxMutexDelete                        0x08001831   Thumb Code   196  rtx_mutex.o(.text.svcRtxMutexDelete)
    __arm_cp.12_0                            0x080018f0   Number         4  rtx_mutex.o(.text.svcRtxMutexDelete)
    [Anonymous Symbol]                       0x080018f4   Section        0  rtx_mutex.o(.text.svcRtxMutexNew)
    svcRtxMutexNew                           0x080018f5   Thumb Code   108  rtx_mutex.o(.text.svcRtxMutexNew)
    __arm_cp.7_0                             0x0800195c   Number         4  rtx_mutex.o(.text.svcRtxMutexNew)
    [Anonymous Symbol]                       0x08001960   Section        0  rtx_mutex.o(.text.svcRtxMutexRelease)
    svcRtxMutexRelease                       0x08001961   Thumb Code   184  rtx_mutex.o(.text.svcRtxMutexRelease)
    __arm_cp.10_0                            0x08001a14   Number         4  rtx_mutex.o(.text.svcRtxMutexRelease)
    [Anonymous Symbol]                       0x08001a18   Section        0  rtx_thread.o(.text.svcRtxThreadExit)
    svcRtxThreadExit                         0x08001a19   Thumb Code   112  rtx_thread.o(.text.svcRtxThreadExit)
    __arm_cp.54_0                            0x08001a84   Number         4  rtx_thread.o(.text.svcRtxThreadExit)
    [Anonymous Symbol]                       0x08001a88   Section        0  rtx_thread.o(.text.svcRtxThreadFlagsSet)
    svcRtxThreadFlagsSet                     0x08001a89   Thumb Code   102  rtx_thread.o(.text.svcRtxThreadFlagsSet)
    [Anonymous Symbol]                       0x08001af0   Section        0  rtx_thread.o(.text.svcRtxThreadFlagsWait)
    svcRtxThreadFlagsWait                    0x08001af1   Thumb Code    76  rtx_thread.o(.text.svcRtxThreadFlagsWait)
    __arm_cp.61_0                            0x08001b38   Number         4  rtx_thread.o(.text.svcRtxThreadFlagsWait)
    [Anonymous Symbol]                       0x08001b3c   Section        0  rtx_thread.o(.text.svcRtxThreadNew)
    svcRtxThreadNew                          0x08001b3d   Thumb Code   476  rtx_thread.o(.text.svcRtxThreadNew)
    __arm_cp.16_0                            0x08001d04   Number         4  rtx_thread.o(.text.svcRtxThreadNew)
    __arm_cp.16_1                            0x08001d08   Number         4  rtx_thread.o(.text.svcRtxThreadNew)
    __arm_cp.16_2                            0x08001d0c   Number         4  rtx_thread.o(.text.svcRtxThreadNew)
    __arm_cp.16_3                            0x08001d10   Number         4  rtx_thread.o(.text.svcRtxThreadNew)
    __arm_cp.16_4                            0x08001d14   Number         4  rtx_thread.o(.text.svcRtxThreadNew)
    [Anonymous Symbol]                       0x08001d18   Section        0  rtx_thread.o(.text.svcRtxThreadYield)
    svcRtxThreadYield                        0x08001d19   Thumb Code    56  rtx_thread.o(.text.svcRtxThreadYield)
    __arm_cp.47_0                            0x08001d4c   Number         4  rtx_thread.o(.text.svcRtxThreadYield)
    i.ConfigEXTI                             0x08001d50   Section        0  globaldefines.o(i.ConfigEXTI)
    i.ConfigGPIO                             0x08001dd0   Section        0  globaldefines.o(i.ConfigGPIO)
    i.EXTI0_IRQHandler                       0x08001e10   Section        0  task.o(i.EXTI0_IRQHandler)
    i.LEDSwitchOnOff                         0x08001e3c   Section        0  globaldefines.o(i.LEDSwitchOnOff)
    i.SystemInit                             0x08001e5c   Section        0  system_stm32f4xx.o(i.SystemInit)
    i._mutex_acquire                         0x08001e78   Section        0  rtx_lib.o(i._mutex_acquire)
    __tagsym$$used                           0x08001e79   Number         0  rtx_lib.o(i._mutex_acquire)
    i._mutex_free                            0x08001e8e   Section        0  rtx_lib.o(i._mutex_free)
    __tagsym$$used                           0x08001e8f   Number         0  rtx_lib.o(i._mutex_free)
    i._mutex_initialize                      0x08001e9a   Section        0  rtx_lib.o(i._mutex_initialize)
    __tagsym$$used                           0x08001e9b   Number         0  rtx_lib.o(i._mutex_initialize)
    i._mutex_release                         0x08001ebc   Section        0  rtx_lib.o(i._mutex_release)
    __tagsym$$used                           0x08001ebd   Number         0  rtx_lib.o(i._mutex_release)
    i._platform_post_stackheap_init          0x08001ece   Section        0  rtx_lib.o(i._platform_post_stackheap_init)
    i.blueLEDTask                            0x08001ed6   Section        0  task.o(i.blueLEDTask)
    i.greenLEDTask                           0x08001eea   Section        0  task.o(i.greenLEDTask)
    i.main                                   0x08001f18   Section        0  main.o(i.main)
    i.osRtxErrorNotify                       0x08001f6c   Section        0  rtx_config.o(i.osRtxErrorNotify)
    i.osRtxIdleThread                        0x08001f8c   Section        0  rtx_config.o(i.osRtxIdleThread)
    i.osSignalSet                            0x08001f90   Section        0  cmsis_os1.o(i.osSignalSet)
    i.osSignalWait                           0x08001fb2   Section        0  cmsis_os1.o(i.osSignalWait)
    i.osThreadCreate                         0x0800201c   Section        0  cmsis_os1.o(i.osThreadCreate)
    i.os_kernel_is_active                    0x08002034   Section        0  rtx_lib.o(i.os_kernel_is_active)
    os_kernel_is_active                      0x08002035   Thumb Code    28  rtx_lib.o(i.os_kernel_is_active)
    i.redLEDTask                             0x08002054   Section        0  task.o(i.redLEDTask)
    x$fpl$fpinit                             0x08002068   Section       10  fpinit.o(x$fpl$fpinit)
    $v0                                      0x08002068   Number         0  fpinit.o(x$fpl$fpinit)
    .constdata                               0x08002074   Section      120  main.o(.constdata)
    .constdata                               0x080020ec   Section      100  rtx_lib.o(.constdata)
    os_idle_thread_attr                      0x080020ec   Data          36  rtx_lib.o(.constdata)
    os_timer_thread_attr                     0x08002110   Data          36  rtx_lib.o(.constdata)
    os_timer_mq_attr                         0x08002134   Data          24  rtx_lib.o(.constdata)
    .constdata                               0x08002150   Section        1  irq_cm4f.o(.constdata)
    .rodata                                  0x08002154   Section      160  rtx_lib.o(.rodata)
    __tagsym$$used                           0x08002154   Number         0  rtx_lib.o(.rodata)
    __tagsym$$used                           0x080021bc   Number         0  rtx_lib.o(.rodata)
    [Anonymous Symbol]                       0x080021f4   Section        0  rtx_kernel.o(.rodata.str1.4)
    .L.str                                   0x080021f4   Data          11  rtx_kernel.o(.rodata.str1.4)
    .bss.os                                  0x20000000   Section     4160  rtx_lib.o(.bss.os)
    os_mem                                   0x20000000   Data        4096  rtx_lib.o(.bss.os)
    os_isr_queue                             0x20001000   Data          64  rtx_lib.o(.bss.os)
    .bss.os.msgqueue.cb                      0x20001040   Section       52  rtx_lib.o(.bss.os.msgqueue.cb)
    os_timer_mq_cb                           0x20001040   Data          52  rtx_lib.o(.bss.os.msgqueue.cb)
    .bss.os.msgqueue.mem                     0x20001074   Section       80  rtx_lib.o(.bss.os.msgqueue.mem)
    os_timer_mq_data                         0x20001074   Data          80  rtx_lib.o(.bss.os.msgqueue.mem)
    .bss.os.thread.cb                        0x200010c4   Section      204  main.o(.bss.os.thread.cb)
    os_thread_cb_redLEDTask                  0x200010c4   Data          68  main.o(.bss.os.thread.cb)
    os_thread_cb_blueLEDTask                 0x20001108   Data          68  main.o(.bss.os.thread.cb)
    os_thread_cb_greenLEDTask                0x2000114c   Data          68  main.o(.bss.os.thread.cb)
    .bss.os.thread.cb                        0x20001190   Section      136  rtx_lib.o(.bss.os.thread.cb)
    os_idle_thread_cb                        0x20001190   Data          68  rtx_lib.o(.bss.os.thread.cb)
    os_timer_thread_cb                       0x200011d4   Data          68  rtx_lib.o(.bss.os.thread.cb)
    .bss.os.thread.stack                     0x20001218   Section      512  rtx_lib.o(.bss.os.thread.stack)
    os_idle_thread_stack                     0x20001218   Data         256  rtx_lib.o(.bss.os.thread.stack)
    os_timer_thread_stack                    0x20001318   Data         256  rtx_lib.o(.bss.os.thread.stack)
    .data                                    0x20001418   Section       12  main.o(.data)
    tid_redLEDTask                           0x20001418   Data           4  main.o(.data)
    tid_blueLEDTask                          0x2000141c   Data           4  main.o(.data)
    tid_greenLEDTask                         0x20001420   Data           4  main.o(.data)
    .data                                    0x20001424   Section       12  task.o(.data)
    tid_redLEDTask                           0x20001424   Data           4  task.o(.data)
    tid_blueLEDTask                          0x20001428   Data           4  task.o(.data)
    tid_greenLEDTask                         0x2000142c   Data           4  task.o(.data)
    .data                                    0x20001430   Section        5  rtx_lib.o(.data)
    os_kernel_active                         0x20001434   Data           1  rtx_lib.o(.data)
    .data                                    0x20001438   Section        4  system_stm32f4xx.o(.data)
    .bss                                     0x200014e0   Section       96  libspace.o(.bss)
    [Anonymous Symbol]                       0x20001540   Section        0  os_systick.o(.bss.PendST)
    PendST                                   0x20001540   Data           1  os_systick.o(.bss.PendST)
    HEAP                                     0x20001548   Section      512  startup_stm32f407xx.o(HEAP)
    Heap_Mem                                 0x20001548   Data         512  startup_stm32f407xx.o(HEAP)
    STACK                                    0x20001748   Section     1024  startup_stm32f407xx.o(STACK)
    Stack_Mem                                0x20001748   Data        1024  startup_stm32f407xx.o(STACK)
    __initial_sp                             0x20001b48   Data           0  startup_stm32f407xx.o(STACK)

    Global Symbols

    Symbol Name                              Value     Ov Type        Size  Object(Section)

    BuildAttributes$$THM_ISAv4$E$P$D$K$B$S$7EM$VFPi3$EXTD16$VFPS$VFMA$PE$A:L22UL41UL21$X:L11$S22US41US21$IEEE1$IW$~IW$USESV6$~STKCKD$USESV7$~SHL$OSPACE$ROPI$EBA8$UX$STANDARDLIB$REQ8$PRES8$EABIv2 0x00000000   Number         0  anon$$obj.o ABSOLUTE
    __ARM_use_no_argv                        0x00000000   Number         0  main.o ABSOLUTE
    .bss.os.evflags.cb$$Base                  - Undefined Weak Reference
    .bss.os.evflags.cb$$Limit                 - Undefined Weak Reference
    .bss.os.mempool.cb$$Base                  - Undefined Weak Reference
    .bss.os.mempool.cb$$Limit                 - Undefined Weak Reference
    .bss.os.mutex.cb$$Base                    - Undefined Weak Reference
    .bss.os.mutex.cb$$Limit                   - Undefined Weak Reference
    .bss.os.semaphore.cb$$Base                - Undefined Weak Reference
    .bss.os.semaphore.cb$$Limit               - Undefined Weak Reference
    .bss.os.timer.cb$$Base                    - Undefined Weak Reference
    .bss.os.timer.cb$$Limit                   - Undefined Weak Reference
    __ARM_exceptions_init                     - Undefined Weak Reference
    __alloca_initialize                       - Undefined Weak Reference
    __arm_preinit_                            - Undefined Weak Reference
    __cpp_initialize__aeabi_                  - Undefined Weak Reference
    __cxa_finalize                            - Undefined Weak Reference
    __rt_locale                               - Undefined Weak Reference
    __sigvec_lookup                           - Undefined Weak Reference
    _atexit_init                              - Undefined Weak Reference
    _call_atexit_fns                          - Undefined Weak Reference
    _clock_init                               - Undefined Weak Reference
    _fp_trap_init                             - Undefined Weak Reference
    _fp_trap_shutdown                         - Undefined Weak Reference
    _get_lc_collate                           - Undefined Weak Reference
    _get_lc_ctype                             - Undefined Weak Reference
    _get_lc_monetary                          - Undefined Weak Reference
    _get_lc_numeric                           - Undefined Weak Reference
    _get_lc_time                              - Undefined Weak Reference
    _getenv_init                              - Undefined Weak Reference
    _handle_redirection                       - Undefined Weak Reference
    _init_alloc                               - Undefined Weak Reference
    _init_user_alloc                          - Undefined Weak Reference
    _initio                                   - Undefined Weak Reference
    _rand_init                                - Undefined Weak Reference
    _signal_finish                            - Undefined Weak Reference
    _signal_init                              - Undefined Weak Reference
    _terminate_alloc                          - Undefined Weak Reference
    _terminate_user_alloc                     - Undefined Weak Reference
    _terminateio                              - Undefined Weak Reference
    __Vectors_Size                           0x00000188   Number         0  startup_stm32f407xx.o ABSOLUTE
    __Vectors                                0x08000000   Data           4  startup_stm32f407xx.o(RESET)
    __Vectors_End                            0x08000188   Data           0  startup_stm32f407xx.o(RESET)
    __main                                   0x08000189   Thumb Code     8  __main.o(!!!main)
    __scatterload                            0x08000191   Thumb Code     0  __scatter.o(!!!scatter)
    __scatterload_rt2                        0x08000191   Thumb Code    44  __scatter.o(!!!scatter)
    __scatterload_rt2_thumb_only             0x08000191   Thumb Code     0  __scatter.o(!!!scatter)
    __scatterload_null                       0x0800019f   Thumb Code     0  __scatter.o(!!!scatter)
    __decompress                             0x080001c5   Thumb Code    58  __dczerorl.o(!!dczerorl)
    __decompress0                            0x080001c5   Thumb Code     0  __dczerorl.o(!!dczerorl)
    __scatterload_zeroinit                   0x08000201   Thumb Code    28  __scatter_zi.o(!!handler_zi)
    __rt_lib_init                            0x0800021d   Thumb Code     0  libinit.o(.ARM.Collect$$libinit$$00000000)
    __rt_lib_init_fp_1                       0x0800021f   Thumb Code     0  libinit2.o(.ARM.Collect$$libinit$$00000001)
    __rt_lib_init_alloca_1                   0x08000223   Thumb Code     0  libinit2.o(.ARM.Collect$$libinit$$0000002E)
    __rt_lib_init_argv_1                     0x08000223   Thumb Code     0  libinit2.o(.ARM.Collect$$libinit$$0000002C)
    __rt_lib_init_atexit_1                   0x08000223   Thumb Code     0  libinit2.o(.ARM.Collect$$libinit$$0000001B)
    __rt_lib_init_clock_1                    0x08000223   Thumb Code     0  libinit2.o(.ARM.Collect$$libinit$$00000021)
    __rt_lib_init_cpp_1                      0x08000223   Thumb Code     0  libinit2.o(.ARM.Collect$$libinit$$00000032)
    __rt_lib_init_exceptions_1               0x08000223   Thumb Code     0  libinit2.o(.ARM.Collect$$libinit$$00000030)
    __rt_lib_init_fp_trap_1                  0x08000223   Thumb Code     0  libinit2.o(.ARM.Collect$$libinit$$0000001F)
    __rt_lib_init_getenv_1                   0x08000223   Thumb Code     0  libinit2.o(.ARM.Collect$$libinit$$00000023)
    __rt_lib_init_heap_1                     0x08000223   Thumb Code     0  libinit2.o(.ARM.Collect$$libinit$$0000000A)
    __rt_lib_init_lc_collate_1               0x08000223   Thumb Code     0  libinit2.o(.ARM.Collect$$libinit$$00000011)
    __rt_lib_init_lc_ctype_1                 0x08000223   Thumb Code     0  libinit2.o(.ARM.Collect$$libinit$$00000013)
    __rt_lib_init_lc_monetary_1              0x08000223   Thumb Code     0  libinit2.o(.ARM.Collect$$libinit$$00000015)
    __rt_lib_init_lc_numeric_1               0x08000223   Thumb Code     0  libinit2.o(.ARM.Collect$$libinit$$00000017)
    __rt_lib_init_lc_time_1                  0x08000223   Thumb Code     0  libinit2.o(.ARM.Collect$$libinit$$00000019)
    __rt_lib_init_preinit_1                  0x08000223   Thumb Code     0  libinit2.o(.ARM.Collect$$libinit$$00000004)
    __rt_lib_init_rand_1                     0x08000223   Thumb Code     0  libinit2.o(.ARM.Collect$$libinit$$0000000E)
    __rt_lib_init_return                     0x08000223   Thumb Code     0  libinit2.o(.ARM.Collect$$libinit$$00000033)
    __rt_lib_init_signal_1                   0x08000223   Thumb Code     0  libinit2.o(.ARM.Collect$$libinit$$0000001D)
    __rt_lib_init_stdio_1                    0x08000223   Thumb Code     0  libinit2.o(.ARM.Collect$$libinit$$00000025)
    __rt_lib_init_user_alloc_1               0x08000223   Thumb Code     0  libinit2.o(.ARM.Collect$$libinit$$0000000C)
    __rt_lib_shutdown                        0x08000225   Thumb Code     0  libshutdown.o(.ARM.Collect$$libshutdown$$00000000)
    __rt_lib_shutdown_cpp_1                  0x08000227   Thumb Code     0  libshutdown2.o(.ARM.Collect$$libshutdown$$00000002)
    __rt_lib_shutdown_fp_trap_1              0x08000227   Thumb Code     0  libshutdown2.o(.ARM.Collect$$libshutdown$$00000007)
    __rt_lib_shutdown_heap_1                 0x08000227   Thumb Code     0  libshutdown2.o(.ARM.Collect$$libshutdown$$0000000F)
    __rt_lib_shutdown_return                 0x08000227   Thumb Code     0  libshutdown2.o(.ARM.Collect$$libshutdown$$00000010)
    __rt_lib_shutdown_signal_1               0x08000227   Thumb Code     0  libshutdown2.o(.ARM.Collect$$libshutdown$$0000000A)
    __rt_lib_shutdown_stdio_1                0x08000227   Thumb Code     0  libshutdown2.o(.ARM.Collect$$libshutdown$$00000004)
    __rt_lib_shutdown_user_alloc_1           0x08000227   Thumb Code     0  libshutdown2.o(.ARM.Collect$$libshutdown$$0000000C)
    __rt_entry                               0x08000229   Thumb Code     0  __rtentry.o(.ARM.Collect$$rtentry$$00000000)
    __rt_entry_presh_1                       0x08000229   Thumb Code     0  __rtentry2.o(.ARM.Collect$$rtentry$$00000002)
    __rt_entry_sh                            0x08000229   Thumb Code     0  __rtentry4.o(.ARM.Collect$$rtentry$$00000004)
    __rt_entry_postsh_1                      0x0800022f   Thumb Code     0  __rtentry2.o(.ARM.Collect$$rtentry$$00000008)
    __rt_entry_li                            0x08000237   Thumb Code     0  __rtentry2.o(.ARM.Collect$$rtentry$$0000000A)
    __rt_entry_main                          0x0800023b   Thumb Code     0  __rtentry2.o(.ARM.Collect$$rtentry$$0000000D)
    __rt_entry_postli_1                      0x0800023b   Thumb Code     0  __rtentry2.o(.ARM.Collect$$rtentry$$0000000C)
    __rt_exit                                0x08000243   Thumb Code     0  rtexit.o(.ARM.Collect$$rtexit$$00000000)
    __rt_exit_ls                             0x08000245   Thumb Code     0  rtexit2.o(.ARM.Collect$$rtexit$$00000003)
    __rt_exit_prels_1                        0x08000245   Thumb Code     0  rtexit2.o(.ARM.Collect$$rtexit$$00000002)
    __rt_exit_exit                           0x08000249   Thumb Code     0  rtexit2.o(.ARM.Collect$$rtexit$$00000004)
    Reset_Handler                            0x08000251   Thumb Code     8  startup_stm32f407xx.o(.text)
    NMI_Handler                              0x08000259   Thumb Code     2  startup_stm32f407xx.o(.text)
    HardFault_Handler                        0x0800025b   Thumb Code     2  startup_stm32f407xx.o(.text)
    MemManage_Handler                        0x0800025d   Thumb Code     2  startup_stm32f407xx.o(.text)
    BusFault_Handler                         0x0800025f   Thumb Code     2  startup_stm32f407xx.o(.text)
    UsageFault_Handler                       0x08000261   Thumb Code     2  startup_stm32f407xx.o(.text)
    DebugMon_Handler                         0x08000265   Thumb Code     2  startup_stm32f407xx.o(.text)
    ADC_IRQHandler                           0x0800026b   Thumb Code     0  startup_stm32f407xx.o(.text)
    CAN1_RX0_IRQHandler                      0x0800026b   Thumb Code     0  startup_stm32f407xx.o(.text)
    CAN1_RX1_IRQHandler                      0x0800026b   Thumb Code     0  startup_stm32f407xx.o(.text)
    CAN1_SCE_IRQHandler                      0x0800026b   Thumb Code     0  startup_stm32f407xx.o(.text)
    CAN1_TX_IRQHandler                       0x0800026b   Thumb Code     0  startup_stm32f407xx.o(.text)
    CAN2_RX0_IRQHandler                      0x0800026b   Thumb Code     0  startup_stm32f407xx.o(.text)
    CAN2_RX1_IRQHandler                      0x0800026b   Thumb Code     0  startup_stm32f407xx.o(.text)
    CAN2_SCE_IRQHandler                      0x0800026b   Thumb Code     0  startup_stm32f407xx.o(.text)
    CAN2_TX_IRQHandler                       0x0800026b   Thumb Code     0  startup_stm32f407xx.o(.text)
    DCMI_IRQHandler                          0x0800026b   Thumb Code     0  startup_stm32f407xx.o(.text)
    DMA1_Stream0_IRQHandler                  0x0800026b   Thumb Code     0  startup_stm32f407xx.o(.text)
    DMA1_Stream1_IRQHandler                  0x0800026b   Thumb Code     0  startup_stm32f407xx.o(.text)
    DMA1_Stream2_IRQHandler                  0x0800026b   Thumb Code     0  startup_stm32f407xx.o(.text)
    DMA1_Stream3_IRQHandler                  0x0800026b   Thumb Code     0  startup_stm32f407xx.o(.text)
    DMA1_Stream4_IRQHandler                  0x0800026b   Thumb Code     0  startup_stm32f407xx.o(.text)
    DMA1_Stream5_IRQHandler                  0x0800026b   Thumb Code     0  startup_stm32f407xx.o(.text)
    DMA1_Stream6_IRQHandler                  0x0800026b   Thumb Code     0  startup_stm32f407xx.o(.text)
    DMA1_Stream7_IRQHandler                  0x0800026b   Thumb Code     0  startup_stm32f407xx.o(.text)
    DMA2_Stream0_IRQHandler                  0x0800026b   Thumb Code     0  startup_stm32f407xx.o(.text)
    DMA2_Stream1_IRQHandler                  0x0800026b   Thumb Code     0  startup_stm32f407xx.o(.text)
    DMA2_Stream2_IRQHandler                  0x0800026b   Thumb Code     0  startup_stm32f407xx.o(.text)
    DMA2_Stream3_IRQHandler                  0x0800026b   Thumb Code     0  startup_stm32f407xx.o(.text)
    DMA2_Stream4_IRQHandler                  0x0800026b   Thumb Code     0  startup_stm32f407xx.o(.text)
    DMA2_Stream5_IRQHandler                  0x0800026b   Thumb Code     0  startup_stm32f407xx.o(.text)
    DMA2_Stream6_IRQHandler                  0x0800026b   Thumb Code     0  startup_stm32f407xx.o(.text)
    DMA2_Stream7_IRQHandler                  0x0800026b   Thumb Code     0  startup_stm32f407xx.o(.text)
    ETH_IRQHandler                           0x0800026b   Thumb Code     0  startup_stm32f407xx.o(.text)
    ETH_WKUP_IRQHandler                      0x0800026b   Thumb Code     0  startup_stm32f407xx.o(.text)
    EXTI15_10_IRQHandler                     0x0800026b   Thumb Code     0  startup_stm32f407xx.o(.text)
    EXTI1_IRQHandler                         0x0800026b   Thumb Code     0  startup_stm32f407xx.o(.text)
    EXTI2_IRQHandler                         0x0800026b   Thumb Code     0  startup_stm32f407xx.o(.text)
    EXTI3_IRQHandler                         0x0800026b   Thumb Code     0  startup_stm32f407xx.o(.text)
    EXTI4_IRQHandler                         0x0800026b   Thumb Code     0  startup_stm32f407xx.o(.text)
    EXTI9_5_IRQHandler                       0x0800026b   Thumb Code     0  startup_stm32f407xx.o(.text)
    FLASH_IRQHandler                         0x0800026b   Thumb Code     0  startup_stm32f407xx.o(.text)
    FMC_IRQHandler                           0x0800026b   Thumb Code     0  startup_stm32f407xx.o(.text)
    FPU_IRQHandler                           0x0800026b   Thumb Code     0  startup_stm32f407xx.o(.text)
    HASH_RNG_IRQHandler                      0x0800026b   Thumb Code     0  startup_stm32f407xx.o(.text)
    I2C1_ER_IRQHandler                       0x0800026b   Thumb Code     0  startup_stm32f407xx.o(.text)
    I2C1_EV_IRQHandler                       0x0800026b   Thumb Code     0  startup_stm32f407xx.o(.text)
    I2C2_ER_IRQHandler                       0x0800026b   Thumb Code     0  startup_stm32f407xx.o(.text)
    I2C2_EV_IRQHandler                       0x0800026b   Thumb Code     0  startup_stm32f407xx.o(.text)
    I2C3_ER_IRQHandler                       0x0800026b   Thumb Code     0  startup_stm32f407xx.o(.text)
    I2C3_EV_IRQHandler                       0x0800026b   Thumb Code     0  startup_stm32f407xx.o(.text)
    OTG_FS_IRQHandler                        0x0800026b   Thumb Code     0  startup_stm32f407xx.o(.text)
    OTG_FS_WKUP_IRQHandler                   0x0800026b   Thumb Code     0  startup_stm32f407xx.o(.text)
    OTG_HS_EP1_IN_IRQHandler                 0x0800026b   Thumb Code     0  startup_stm32f407xx.o(.text)
    OTG_HS_EP1_OUT_IRQHandler                0x0800026b   Thumb Code     0  startup_stm32f407xx.o(.text)
    OTG_HS_IRQHandler                        0x0800026b   Thumb Code     0  startup_stm32f407xx.o(.text)
    OTG_HS_WKUP_IRQHandler                   0x0800026b   Thumb Code     0  startup_stm32f407xx.o(.text)
    PVD_IRQHandler                           0x0800026b   Thumb Code     0  startup_stm32f407xx.o(.text)
    RCC_IRQHandler                           0x0800026b   Thumb Code     0  startup_stm32f407xx.o(.text)
    RTC_Alarm_IRQHandler                     0x0800026b   Thumb Code     0  startup_stm32f407xx.o(.text)
    RTC_WKUP_IRQHandler                      0x0800026b   Thumb Code     0  startup_stm32f407xx.o(.text)
    SDIO_IRQHandler                          0x0800026b   Thumb Code     0  startup_stm32f407xx.o(.text)
    SPI1_IRQHandler                          0x0800026b   Thumb Code     0  startup_stm32f407xx.o(.text)
    SPI2_IRQHandler                          0x0800026b   Thumb Code     0  startup_stm32f407xx.o(.text)
    SPI3_IRQHandler                          0x0800026b   Thumb Code     0  startup_stm32f407xx.o(.text)
    TAMP_STAMP_IRQHandler                    0x0800026b   Thumb Code     0  startup_stm32f407xx.o(.text)
    TIM1_BRK_TIM9_IRQHandler                 0x0800026b   Thumb Code     0  startup_stm32f407xx.o(.text)
    TIM1_CC_IRQHandler                       0x0800026b   Thumb Code     0  startup_stm32f407xx.o(.text)
    TIM1_TRG_COM_TIM11_IRQHandler            0x0800026b   Thumb Code     0  startup_stm32f407xx.o(.text)
    TIM1_UP_TIM10_IRQHandler                 0x0800026b   Thumb Code     0  startup_stm32f407xx.o(.text)
    TIM2_IRQHandler                          0x0800026b   Thumb Code     0  startup_stm32f407xx.o(.text)
    TIM3_IRQHandler                          0x0800026b   Thumb Code     0  startup_stm32f407xx.o(.text)
    TIM4_IRQHandler                          0x0800026b   Thumb Code     0  startup_stm32f407xx.o(.text)
    TIM5_IRQHandler                          0x0800026b   Thumb Code     0  startup_stm32f407xx.o(.text)
    TIM6_DAC_IRQHandler                      0x0800026b   Thumb Code     0  startup_stm32f407xx.o(.text)
    TIM7_IRQHandler                          0x0800026b   Thumb Code     0  startup_stm32f407xx.o(.text)
    TIM8_BRK_TIM12_IRQHandler                0x0800026b   Thumb Code     0  startup_stm32f407xx.o(.text)
    TIM8_CC_IRQHandler                       0x0800026b   Thumb Code     0  startup_stm32f407xx.o(.text)
    TIM8_TRG_COM_TIM14_IRQHandler            0x0800026b   Thumb Code     0  startup_stm32f407xx.o(.text)
    TIM8_UP_TIM13_IRQHandler                 0x0800026b   Thumb Code     0  startup_stm32f407xx.o(.text)
    UART4_IRQHandler                         0x0800026b   Thumb Code     0  startup_stm32f407xx.o(.text)
    UART5_IRQHandler                         0x0800026b   Thumb Code     0  startup_stm32f407xx.o(.text)
    USART1_IRQHandler                        0x0800026b   Thumb Code     0  startup_stm32f407xx.o(.text)
    USART2_IRQHandler                        0x0800026b   Thumb Code     0  startup_stm32f407xx.o(.text)
    USART3_IRQHandler                        0x0800026b   Thumb Code     0  startup_stm32f407xx.o(.text)
    USART6_IRQHandler                        0x0800026b   Thumb Code     0  startup_stm32f407xx.o(.text)
    WWDG_IRQHandler                          0x0800026b   Thumb Code     0  startup_stm32f407xx.o(.text)
    __user_initial_stackheap                 0x0800026d   Thumb Code     0  startup_stm32f407xx.o(.text)
    SVC_Handler                              0x08000291   Thumb Code   152  irq_cm4f.o(.text)
    PendSV_Handler                           0x08000329   Thumb Code    16  irq_cm4f.o(.text)
    SysTick_Handler                          0x08000339   Thumb Code    16  irq_cm4f.o(.text)
    __aeabi_memcpy                           0x08000355   Thumb Code     0  rt_memcpy_v6.o(.text)
    __rt_memcpy                              0x08000355   Thumb Code   138  rt_memcpy_v6.o(.text)
    _memcpy_lastbytes                        0x080003bb   Thumb Code     0  rt_memcpy_v6.o(.text)
    __aeabi_memclr                           0x080003df   Thumb Code     0  rt_memclr.o(.text)
    __rt_memclr                              0x080003df   Thumb Code    68  rt_memclr.o(.text)
    _memset                                  0x080003e3   Thumb Code     0  rt_memclr.o(.text)
    __aeabi_memclr4                          0x08000423   Thumb Code     0  rt_memclr_w.o(.text)
    __aeabi_memclr8                          0x08000423   Thumb Code     0  rt_memclr_w.o(.text)
    __rt_memclr_w                            0x08000423   Thumb Code    78  rt_memclr_w.o(.text)
    _memset_w                                0x08000427   Thumb Code     0  rt_memclr_w.o(.text)
    __use_two_region_memory                  0x08000471   Thumb Code     2  heapauxi.o(.text)
    __rt_heap_escrow$2region                 0x08000473   Thumb Code     2  heapauxi.o(.text)
    __rt_heap_expand$2region                 0x08000475   Thumb Code     2  heapauxi.o(.text)
    __aeabi_memcpy4                          0x08000477   Thumb Code     0  rt_memcpy_w.o(.text)
    __aeabi_memcpy8                          0x08000477   Thumb Code     0  rt_memcpy_w.o(.text)
    __rt_memcpy_w                            0x08000477   Thumb Code   100  rt_memcpy_w.o(.text)
    _memcpy_lastbytes_aligned                0x080004bf   Thumb Code     0  rt_memcpy_w.o(.text)
    __user_setup_stackheap                   0x080004db   Thumb Code    74  sys_stackheap_outer.o(.text)
    exit                                     0x08000525   Thumb Code    18  exit.o(.text)
    __user_libspace                          0x08000539   Thumb Code     8  libspace.o(.text)
    __user_perproc_libspace                  0x08000539   Thumb Code     0  libspace.o(.text)
    _sys_exit                                0x08000541   Thumb Code     8  sys_exit.o(.text)
    __I$use$semihosting                      0x0800054d   Thumb Code     0  use_no_semi.o(.text)
    __use_no_semihosting_swi                 0x0800054d   Thumb Code     2  use_no_semi.o(.text)
    __semihosting_library_function           0x0800054f   Thumb Code     0  indicate_semi.o(.text)
    OS_Tick_AcknowledgeIRQ                   0x08000611   Thumb Code    12  os_systick.o(.text.OS_Tick_AcknowledgeIRQ)
    OS_Tick_Enable                           0x0800061d   Thumb Code    44  os_systick.o(.text.OS_Tick_Enable)
    OS_Tick_GetIRQn                          0x08000649   Thumb Code     6  os_systick.o(.text.OS_Tick_GetIRQn)
    OS_Tick_Setup                            0x08000651   Thumb Code    64  os_systick.o(.text.OS_Tick_Setup)
    osDelay                                  0x0800074d   Thumb Code    36  rtx_delay.o(.text.osDelay)
    osKernelGetState                         0x08000771   Thumb Code    48  rtx_kernel.o(.text.osKernelGetState)
    osKernelInitialize                       0x080007a1   Thumb Code    44  rtx_kernel.o(.text.osKernelInitialize)
    osKernelStart                            0x080007cd   Thumb Code    36  rtx_kernel.o(.text.osKernelStart)
    osMessageQueueGet                        0x080007f1   Thumb Code   108  rtx_msgqueue.o(.text.osMessageQueueGet)
    osMessageQueueNew                        0x0800085d   Thumb Code    36  rtx_msgqueue.o(.text.osMessageQueueNew)
    osMessageQueuePut                        0x08000881   Thumb Code   120  rtx_msgqueue.o(.text.osMessageQueuePut)
    osMutexAcquire                           0x080008f9   Thumb Code    36  rtx_mutex.o(.text.osMutexAcquire)
    osMutexDelete                            0x0800091d   Thumb Code    36  rtx_mutex.o(.text.osMutexDelete)
    osMutexNew                               0x08000941   Thumb Code    36  rtx_mutex.o(.text.osMutexNew)
    osMutexRelease                           0x08000965   Thumb Code    36  rtx_mutex.o(.text.osMutexRelease)
    osRtxKernelPreInit                       0x08000989   Thumb Code     2  rtx_kernel.o(.text.osRtxKernelPreInit)
    osRtxMemoryAlloc                         0x0800098b   Thumb Code   128  rtx_memory.o(.text.osRtxMemoryAlloc)
    osRtxMemoryFree                          0x08000a0b   Thumb Code    82  rtx_memory.o(.text.osRtxMemoryFree)
    osRtxMemoryInit                          0x08000a5d   Thumb Code    54  rtx_memory.o(.text.osRtxMemoryInit)
    osRtxMemoryPoolAlloc                     0x08000a93   Thumb Code    58  rtx_mempool.o(.text.osRtxMemoryPoolAlloc)
    osRtxMemoryPoolFree                      0x08000acd   Thumb Code    74  rtx_mempool.o(.text.osRtxMemoryPoolFree)
    osRtxMemoryPoolInit                      0x08000b17   Thumb Code    70  rtx_mempool.o(.text.osRtxMemoryPoolInit)
    osRtxMutexOwnerRelease                   0x08000c17   Thumb Code    74  rtx_mutex.o(.text.osRtxMutexOwnerRelease)
    osRtxPendSV_Handler                      0x08000c61   Thumb Code   144  rtx_system.o(.text.osRtxPendSV_Handler)
    osRtxPostProcess                         0x08000cf1   Thumb Code   116  rtx_system.o(.text.osRtxPostProcess)
    osRtxThreadDelayTick                     0x08000e61   Thumb Code    52  rtx_thread.o(.text.osRtxThreadDelayTick)
    osRtxThreadDispatch                      0x08000e95   Thumb Code    92  rtx_thread.o(.text.osRtxThreadDispatch)
    osRtxThreadListGet                       0x08000f49   Thumb Code    20  rtx_thread.o(.text.osRtxThreadListGet)
    osRtxThreadListPut                       0x08000f5d   Thumb Code    42  rtx_thread.o(.text.osRtxThreadListPut)
    osRtxThreadListRemove                    0x08000f87   Thumb Code    20  rtx_thread.o(.text.osRtxThreadListRemove)
    osRtxThreadListSort                      0x08000f9b   Thumb Code    40  rtx_thread.o(.text.osRtxThreadListSort)
    osRtxThreadReadyPut                      0x08000fed   Thumb Code    20  rtx_thread.o(.text.osRtxThreadReadyPut)
    osRtxThreadRegPtr                        0x08001001   Thumb Code    20  rtx_thread.o(.text.osRtxThreadRegPtr)
    osRtxThreadStackCheck                    0x08001015   Thumb Code    40  rtx_thread.o(.text.osRtxThreadStackCheck)
    osRtxThreadStartup                       0x0800103d   Thumb Code    64  rtx_thread.o(.text.osRtxThreadStartup)
    osRtxThreadSwitch                        0x0800107d   Thumb Code    16  rtx_thread.o(.text.osRtxThreadSwitch)
    osRtxThreadWaitEnter                     0x0800108d   Thumb Code    60  rtx_thread.o(.text.osRtxThreadWaitEnter)
    osRtxThreadWaitExit                      0x080010c9   Thumb Code    50  rtx_thread.o(.text.osRtxThreadWaitExit)
    osRtxTick_Handler                        0x080010fd   Thumb Code   112  rtx_system.o(.text.osRtxTick_Handler)
    osRtxTimerThread                         0x0800116d   Thumb Code    60  rtx_timer.o(.text.osRtxTimerThread)
    osThreadExit                             0x08001201   Thumb Code    12  rtx_thread.o(.text.osThreadExit)
    osThreadFlagsSet                         0x0800120d   Thumb Code    88  rtx_thread.o(.text.osThreadFlagsSet)
    osThreadFlagsWait                        0x08001265   Thumb Code    36  rtx_thread.o(.text.osThreadFlagsWait)
    osThreadNew                              0x08001289   Thumb Code    36  rtx_thread.o(.text.osThreadNew)
    osThreadYield                            0x080012ad   Thumb Code    36  rtx_thread.o(.text.osThreadYield)
    ConfigEXTI                               0x08001d51   Thumb Code   110  globaldefines.o(i.ConfigEXTI)
    ConfigGPIO                               0x08001dd1   Thumb Code    52  globaldefines.o(i.ConfigGPIO)
    EXTI0_IRQHandler                         0x08001e11   Thumb Code    34  task.o(i.EXTI0_IRQHandler)
    LEDSwitchOnOff                           0x08001e3d   Thumb Code    26  globaldefines.o(i.LEDSwitchOnOff)
    SystemInit                               0x08001e5d   Thumb Code    24  system_stm32f4xx.o(i.SystemInit)
    _mutex_acquire                           0x08001e79   Thumb Code    22  rtx_lib.o(i._mutex_acquire)
    _mutex_free                              0x08001e8f   Thumb Code    12  rtx_lib.o(i._mutex_free)
    _mutex_initialize                        0x08001e9b   Thumb Code    34  rtx_lib.o(i._mutex_initialize)
    _mutex_release                           0x08001ebd   Thumb Code    18  rtx_lib.o(i._mutex_release)
    _platform_post_stackheap_init            0x08001ecf   Thumb Code     8  rtx_lib.o(i._platform_post_stackheap_init)
    blueLEDTask                              0x08001ed7   Thumb Code    20  task.o(i.blueLEDTask)
    greenLEDTask                             0x08001eeb   Thumb Code    46  task.o(i.greenLEDTask)
    main                                     0x08001f19   Thumb Code    58  main.o(i.main)
    osRtxErrorNotify                         0x08001f6d   Thumb Code    32  rtx_config.o(i.osRtxErrorNotify)
    osRtxIdleThread                          0x08001f8d   Thumb Code     4  rtx_config.o(i.osRtxIdleThread)
    osSignalSet                              0x08001f91   Thumb Code    34  cmsis_os1.o(i.osSignalSet)
    osSignalWait                             0x08001fb3   Thumb Code   106  cmsis_os1.o(i.osSignalWait)
    osThreadCreate                           0x0800201d   Thumb Code    24  cmsis_os1.o(i.osThreadCreate)
    redLEDTask                               0x08002055   Thumb Code    20  task.o(i.redLEDTask)
    _fp_init                                 0x08002069   Thumb Code    10  fpinit.o(x$fpl$fpinit)
    __fplib_config_fpu_vfp                   0x08002071   Thumb Code     0  fpinit.o(x$fpl$fpinit)
    __fplib_config_pureend_doubles           0x08002071   Thumb Code     0  fpinit.o(x$fpl$fpinit)
    os_thread_def_redLEDTask                 0x08002074   Data          40  main.o(.constdata)
    os_thread_def_blueLEDTask                0x0800209c   Data          40  main.o(.constdata)
    os_thread_def_greenLEDTask               0x080020c4   Data          40  main.o(.constdata)
    osRtxUserSVC                             0x0800214c   Data           4  rtx_lib.o(.constdata)
    irqRtxLib                                0x08002150   Data           1  irq_cm4f.o(.constdata)
    osRtxConfig                              0x08002154   Data         104  rtx_lib.o(.rodata)
    os_cb_sections                           0x080021bc   Data          56  rtx_lib.o(.rodata)
    Region$$Table$$Base                      0x08002200   Number         0  anon$$obj.o(Region$$Table)
    Region$$Table$$Limit                     0x08002220   Number         0  anon$$obj.o(Region$$Table)
    .bss.os.msgqueue.cb$$Base                0x20001040   Number         0  rtx_lib.o(.bss.os.msgqueue.cb)
    .bss.os.msgqueue.cb$$Limit               0x20001074   Number         0  rtx_lib.o(.bss.os.msgqueue.cb)
    .bss.os.thread.cb$$Base                  0x200010c4   Number         0  main.o(.bss.os.thread.cb)
    .bss.os.thread.cb$$Limit                 0x20001218   Number         0  rtx_lib.o(.bss.os.thread.cb)
    irqRtxLibRef                             0x20001430   Data           4  rtx_lib.o(.data)
    SystemCoreClock                          0x20001438   Data           4  system_stm32f4xx.o(.data)
    osRtxInfo                                0x2000143c   Data         164  rtx_kernel.o(.data.os)
    __libspace_start                         0x200014e0   Data          96  libspace.o(.bss)
    __temporary_stack_top$libspace           0x20001540   Data           0  libspace.o(.bss)



==============================================================================

Memory Map of the image

  Image Entry point : 0x08000251

  Load Region LR_1 (Base: 0x08000000, Size: 0x00003700, Max: 0xffffffff, ABSOLUTE, COMPRESSED[0x0000225c])

    Execution Region ER_RO (Exec base: 0x08000000, Load base: 0x08000000, Size: 0x00002220, Max: 0xffffffff, ABSOLUTE)

    Exec Addr    Load Addr    Size         Type   Attr      Idx    E Section Name        Object

    0x08000000   0x08000000   0x00000188   Data   RO          433    RESET               startup_stm32f407xx.o
    0x08000188   0x08000188   0x00000008   Code   RO          984  * !!!main             c_w.l(__main.o)
    0x08000190   0x08000190   0x00000034   Code   RO         1143    !!!scatter          c_w.l(__scatter.o)
    0x080001c4   0x080001c4   0x0000003a   Code   RO         1141    !!dczerorl          c_w.l(__dczerorl.o)
    0x080001fe   0x080001fe   0x00000002   PAD
    0x08000200   0x08000200   0x0000001c   Code   RO         1145    !!handler_zi        c_w.l(__scatter_zi.o)
    0x0800021c   0x0800021c   0x00000002   Code   RO         1011    .ARM.Collect$$libinit$$00000000  c_w.l(libinit.o)
    0x0800021e   0x0800021e   0x00000004   Code   RO         1017    .ARM.Collect$$libinit$$00000001  c_w.l(libinit2.o)
    0x08000222   0x08000222   0x00000000   Code   RO         1020    .ARM.Collect$$libinit$$00000004  c_w.l(libinit2.o)
    0x08000222   0x08000222   0x00000000   Code   RO         1023    .ARM.Collect$$libinit$$0000000A  c_w.l(libinit2.o)
    0x08000222   0x08000222   0x00000000   Code   RO         1025    .ARM.Collect$$libinit$$0000000C  c_w.l(libinit2.o)
    0x08000222   0x08000222   0x00000000   Code   RO         1027    .ARM.Collect$$libinit$$0000000E  c_w.l(libinit2.o)
    0x08000222   0x08000222   0x00000000   Code   RO         1030    .ARM.Collect$$libinit$$00000011  c_w.l(libinit2.o)
    0x08000222   0x08000222   0x00000000   Code   RO         1032    .ARM.Collect$$libinit$$00000013  c_w.l(libinit2.o)
    0x08000222   0x08000222   0x00000000   Code   RO         1034    .ARM.Collect$$libinit$$00000015  c_w.l(libinit2.o)
    0x08000222   0x08000222   0x00000000   Code   RO         1036    .ARM.Collect$$libinit$$00000017  c_w.l(libinit2.o)
    0x08000222   0x08000222   0x00000000   Code   RO         1038    .ARM.Collect$$libinit$$00000019  c_w.l(libinit2.o)
    0x08000222   0x08000222   0x00000000   Code   RO         1040    .ARM.Collect$$libinit$$0000001B  c_w.l(libinit2.o)
    0x08000222   0x08000222   0x00000000   Code   RO         1042    .ARM.Collect$$libinit$$0000001D  c_w.l(libinit2.o)
    0x08000222   0x08000222   0x00000000   Code   RO         1044    .ARM.Collect$$libinit$$0000001F  c_w.l(libinit2.o)
    0x08000222   0x08000222   0x00000000   Code   RO         1046    .ARM.Collect$$libinit$$00000021  c_w.l(libinit2.o)
    0x08000222   0x08000222   0x00000000   Code   RO         1048    .ARM.Collect$$libinit$$00000023  c_w.l(libinit2.o)
    0x08000222   0x08000222   0x00000000   Code   RO         1050    .ARM.Collect$$libinit$$00000025  c_w.l(libinit2.o)
    0x08000222   0x08000222   0x00000000   Code   RO         1054    .ARM.Collect$$libinit$$0000002C  c_w.l(libinit2.o)
    0x08000222   0x08000222   0x00000000   Code   RO         1056    .ARM.Collect$$libinit$$0000002E  c_w.l(libinit2.o)
    0x08000222   0x08000222   0x00000000   Code   RO         1058    .ARM.Collect$$libinit$$00000030  c_w.l(libinit2.o)
    0x08000222   0x08000222   0x00000000   Code   RO         1060    .ARM.Collect$$libinit$$00000032  c_w.l(libinit2.o)
    0x08000222   0x08000222   0x00000002   Code   RO         1061    .ARM.Collect$$libinit$$00000033  c_w.l(libinit2.o)
    0x08000224   0x08000224   0x00000002   Code   RO         1081    .ARM.Collect$$libshutdown$$00000000  c_w.l(libshutdown.o)
    0x08000226   0x08000226   0x00000000   Code   RO         1094    .ARM.Collect$$libshutdown$$00000002  c_w.l(libshutdown2.o)
    0x08000226   0x08000226   0x00000000   Code   RO         1096    .ARM.Collect$$libshutdown$$00000004  c_w.l(libshutdown2.o)
    0x08000226   0x08000226   0x00000000   Code   RO         1099    .ARM.Collect$$libshutdown$$00000007  c_w.l(libshutdown2.o)
    0x08000226   0x08000226   0x00000000   Code   RO         1102    .ARM.Collect$$libshutdown$$0000000A  c_w.l(libshutdown2.o)
    0x08000226   0x08000226   0x00000000   Code   RO         1104    .ARM.Collect$$libshutdown$$0000000C  c_w.l(libshutdown2.o)
    0x08000226   0x08000226   0x00000000   Code   RO         1107    .ARM.Collect$$libshutdown$$0000000F  c_w.l(libshutdown2.o)
    0x08000226   0x08000226   0x00000002   Code   RO         1108    .ARM.Collect$$libshutdown$$00000010  c_w.l(libshutdown2.o)
    0x08000228   0x08000228   0x00000000   Code   RO          986    .ARM.Collect$$rtentry$$00000000  c_w.l(__rtentry.o)
    0x08000228   0x08000228   0x00000000   Code   RO          990    .ARM.Collect$$rtentry$$00000002  c_w.l(__rtentry2.o)
    0x08000228   0x08000228   0x00000006   Code   RO         1002    .ARM.Collect$$rtentry$$00000004  c_w.l(__rtentry4.o)
    0x0800022e   0x0800022e   0x00000008   Code   RO          991    .ARM.Collect$$rtentry$$00000008  c_w.l(__rtentry2.o)
    0x08000236   0x08000236   0x00000004   Code   RO          993    .ARM.Collect$$rtentry$$0000000A  c_w.l(__rtentry2.o)
    0x0800023a   0x0800023a   0x00000000   Code   RO          995    .ARM.Collect$$rtentry$$0000000C  c_w.l(__rtentry2.o)
    0x0800023a   0x0800023a   0x00000008   Code   RO          996    .ARM.Collect$$rtentry$$0000000D  c_w.l(__rtentry2.o)
    0x08000242   0x08000242   0x00000002   Code   RO         1015    .ARM.Collect$$rtexit$$00000000  c_w.l(rtexit.o)
    0x08000244   0x08000244   0x00000000   Code   RO         1063    .ARM.Collect$$rtexit$$00000002  c_w.l(rtexit2.o)
    0x08000244   0x08000244   0x00000004   Code   RO         1064    .ARM.Collect$$rtexit$$00000003  c_w.l(rtexit2.o)
    0x08000248   0x08000248   0x00000006   Code   RO         1065    .ARM.Collect$$rtexit$$00000004  c_w.l(rtexit2.o)
    0x0800024e   0x0800024e   0x00000002   PAD
    0x08000250   0x08000250   0x00000040   Code   RO          434  * .text               startup_stm32f407xx.o
    0x08000290   0x08000290   0x000000c4   Code   RO          912    .text               RTX_CM4F.lib(irq_cm4f.o)
    0x08000354   0x08000354   0x0000008a   Code   RO          976    .text               c_w.l(rt_memcpy_v6.o)
    0x080003de   0x080003de   0x00000044   Code   RO          978    .text               c_w.l(rt_memclr.o)
    0x08000422   0x08000422   0x0000004e   Code   RO          980    .text               c_w.l(rt_memclr_w.o)
    0x08000470   0x08000470   0x00000006   Code   RO          982    .text               c_w.l(heapauxi.o)
    0x08000476   0x08000476   0x00000064   Code   RO          987    .text               c_w.l(rt_memcpy_w.o)
    0x080004da   0x080004da   0x0000004a   Code   RO         1004    .text               c_w.l(sys_stackheap_outer.o)
    0x08000524   0x08000524   0x00000012   Code   RO         1006    .text               c_w.l(exit.o)
    0x08000536   0x08000536   0x00000002   PAD
    0x08000538   0x08000538   0x00000008   Code   RO         1012    .text               c_w.l(libspace.o)
    0x08000540   0x08000540   0x0000000c   Code   RO         1073    .text               c_w.l(sys_exit.o)
    0x0800054c   0x0800054c   0x00000002   Code   RO         1084    .text               c_w.l(use_no_semi.o)
    0x0800054e   0x0800054e   0x00000000   Code   RO         1086    .text               c_w.l(indicate_semi.o)
    0x0800054e   0x0800054e   0x00000044   Code   RO          895    .text.MessageQueueGet  RTX_CM4F.lib(rtx_msgqueue.o)
    0x08000592   0x08000592   0x00000062   Code   RO          889    .text.MessageQueuePut  RTX_CM4F.lib(rtx_msgqueue.o)
    0x080005f4   0x080005f4   0x0000001c   Code   RO          887    .text.MessageQueueRemove  RTX_CM4F.lib(rtx_msgqueue.o)
    0x08000610   0x08000610   0x0000000c   Code   RO          953    .text.OS_Tick_AcknowledgeIRQ  RTX_CM4F.lib(os_systick.o)
    0x0800061c   0x0800061c   0x0000002c   Code   RO          949    .text.OS_Tick_Enable  RTX_CM4F.lib(os_systick.o)
    0x08000648   0x08000648   0x00000006   Code   RO          955    .text.OS_Tick_GetIRQn  RTX_CM4F.lib(os_systick.o)
    0x0800064e   0x0800064e   0x00000002   PAD
    0x08000650   0x08000650   0x00000040   Code   RO          947    .text.OS_Tick_Setup  RTX_CM4F.lib(os_systick.o)
    0x08000690   0x08000690   0x0000006a   Code   RO          621    .text.ThreadFlagsCheck  RTX_CM4F.lib(rtx_thread.o)
    0x080006fa   0x080006fa   0x00000002   PAD
    0x080006fc   0x080006fc   0x00000050   Code   RO          707    .text.TimerInsert   RTX_CM4F.lib(rtx_timer.o)
    0x0800074c   0x0800074c   0x00000024   Code   RO          674    .text.osDelay       RTX_CM4F.lib(rtx_delay.o)
    0x08000770   0x08000770   0x00000030   Code   RO          484    .text.osKernelGetState  RTX_CM4F.lib(rtx_kernel.o)
    0x080007a0   0x080007a0   0x0000002c   Code   RO          478    .text.osKernelInitialize  RTX_CM4F.lib(rtx_kernel.o)
    0x080007cc   0x080007cc   0x00000024   Code   RO          488    .text.osKernelStart  RTX_CM4F.lib(rtx_kernel.o)
    0x080007f0   0x080007f0   0x0000006c   Code   RO          861    .text.osMessageQueueGet  RTX_CM4F.lib(rtx_msgqueue.o)
    0x0800085c   0x0800085c   0x00000024   Code   RO          855    .text.osMessageQueueNew  RTX_CM4F.lib(rtx_msgqueue.o)
    0x08000880   0x08000880   0x00000078   Code   RO          859    .text.osMessageQueuePut  RTX_CM4F.lib(rtx_msgqueue.o)
    0x080008f8   0x080008f8   0x00000024   Code   RO          738    .text.osMutexAcquire  RTX_CM4F.lib(rtx_mutex.o)
    0x0800091c   0x0800091c   0x00000024   Code   RO          744    .text.osMutexDelete  RTX_CM4F.lib(rtx_mutex.o)
    0x08000940   0x08000940   0x00000024   Code   RO          734    .text.osMutexNew    RTX_CM4F.lib(rtx_mutex.o)
    0x08000964   0x08000964   0x00000024   Code   RO          740    .text.osMutexRelease  RTX_CM4F.lib(rtx_mutex.o)
    0x08000988   0x08000988   0x00000002   Code   RO          476    .text.osRtxKernelPreInit  RTX_CM4F.lib(rtx_kernel.o)
    0x0800098a   0x0800098a   0x00000080   Code   RO          919    .text.osRtxMemoryAlloc  RTX_CM4F.lib(rtx_memory.o)
    0x08000a0a   0x08000a0a   0x00000052   Code   RO          921    .text.osRtxMemoryFree  RTX_CM4F.lib(rtx_memory.o)
    0x08000a5c   0x08000a5c   0x00000036   Code   RO          917    .text.osRtxMemoryInit  RTX_CM4F.lib(rtx_memory.o)
    0x08000a92   0x08000a92   0x0000003a   Code   RO          804    .text.osRtxMemoryPoolAlloc  RTX_CM4F.lib(rtx_mempool.o)
    0x08000acc   0x08000acc   0x0000004a   Code   RO          806    .text.osRtxMemoryPoolFree  RTX_CM4F.lib(rtx_mempool.o)
    0x08000b16   0x08000b16   0x00000046   Code   RO          802    .text.osRtxMemoryPoolInit  RTX_CM4F.lib(rtx_mempool.o)
    0x08000b5c   0x08000b5c   0x000000ba   Code   RO          885    .text.osRtxMessageQueuePostProcess  RTX_CM4F.lib(rtx_msgqueue.o)
    0x08000c16   0x08000c16   0x0000004a   Code   RO          732    .text.osRtxMutexOwnerRelease  RTX_CM4F.lib(rtx_mutex.o)
    0x08000c60   0x08000c60   0x00000090   Code   RO          934    .text.osRtxPendSV_Handler  RTX_CM4F.lib(rtx_system.o)
    0x08000cf0   0x08000cf0   0x00000074   Code   RO          936    .text.osRtxPostProcess  RTX_CM4F.lib(rtx_system.o)
    0x08000d64   0x08000d64   0x00000038   Code   RO          561    .text.osRtxThreadBlock  RTX_CM4F.lib(rtx_thread.o)
    0x08000d9c   0x08000d9c   0x00000088   Code   RO          569    .text.osRtxThreadDelayInsert  RTX_CM4F.lib(rtx_thread.o)
    0x08000e24   0x08000e24   0x0000003c   Code   RO          565    .text.osRtxThreadDelayRemove  RTX_CM4F.lib(rtx_thread.o)
    0x08000e60   0x08000e60   0x00000034   Code   RO          551    .text.osRtxThreadDelayTick  RTX_CM4F.lib(rtx_thread.o)
    0x08000e94   0x08000e94   0x0000005c   Code   RO          559    .text.osRtxThreadDispatch  RTX_CM4F.lib(rtx_thread.o)
    0x08000ef0   0x08000ef0   0x00000058   Code   RO          645    .text.osRtxThreadFree  RTX_CM4F.lib(rtx_thread.o)
    0x08000f48   0x08000f48   0x00000014   Code   RO          543    .text.osRtxThreadListGet  RTX_CM4F.lib(rtx_thread.o)
    0x08000f5c   0x08000f5c   0x0000002a   Code   RO          541    .text.osRtxThreadListPut  RTX_CM4F.lib(rtx_thread.o)
    0x08000f86   0x08000f86   0x00000014   Code   RO          547    .text.osRtxThreadListRemove  RTX_CM4F.lib(rtx_thread.o)
    0x08000f9a   0x08000f9a   0x00000028   Code   RO          545    .text.osRtxThreadListSort  RTX_CM4F.lib(rtx_thread.o)
    0x08000fc2   0x08000fc2   0x0000002a   Code   RO          619    .text.osRtxThreadPostProcess  RTX_CM4F.lib(rtx_thread.o)
    0x08000fec   0x08000fec   0x00000014   Code   RO          549    .text.osRtxThreadReadyPut  RTX_CM4F.lib(rtx_thread.o)
    0x08001000   0x08001000   0x00000014   Code   RO          553    .text.osRtxThreadRegPtr  RTX_CM4F.lib(rtx_thread.o)
    0x08001014   0x08001014   0x00000028   Code   RO          557    .text.osRtxThreadStackCheck  RTX_CM4F.lib(rtx_thread.o)
    0x0800103c   0x0800103c   0x00000040   Code   RO          571    .text.osRtxThreadStartup  RTX_CM4F.lib(rtx_thread.o)
    0x0800107c   0x0800107c   0x00000010   Code   RO          555    .text.osRtxThreadSwitch  RTX_CM4F.lib(rtx_thread.o)
    0x0800108c   0x0800108c   0x0000003c   Code   RO          567    .text.osRtxThreadWaitEnter  RTX_CM4F.lib(rtx_thread.o)
    0x080010c8   0x080010c8   0x00000032   Code   RO          563    .text.osRtxThreadWaitExit  RTX_CM4F.lib(rtx_thread.o)
    0x080010fa   0x080010fa   0x00000002   PAD
    0x080010fc   0x080010fc   0x00000070   Code   RO          932    .text.osRtxTick_Handler  RTX_CM4F.lib(rtx_system.o)
    0x0800116c   0x0800116c   0x0000003c   Code   RO          691    .text.osRtxTimerThread  RTX_CM4F.lib(rtx_timer.o)
    0x080011a8   0x080011a8   0x00000058   Code   RO          693    .text.osRtxTimerTick  RTX_CM4F.lib(rtx_timer.o)
    0x08001200   0x08001200   0x0000000c   Code   RO          603    .text.osThreadExit  RTX_CM4F.lib(rtx_thread.o)
    0x0800120c   0x0800120c   0x00000058   Code   RO          611    .text.osThreadFlagsSet  RTX_CM4F.lib(rtx_thread.o)
    0x08001264   0x08001264   0x00000024   Code   RO          617    .text.osThreadFlagsWait  RTX_CM4F.lib(rtx_thread.o)
    0x08001288   0x08001288   0x00000024   Code   RO          575    .text.osThreadNew   RTX_CM4F.lib(rtx_thread.o)
    0x080012ac   0x080012ac   0x00000024   Code   RO          593    .text.osThreadYield  RTX_CM4F.lib(rtx_thread.o)
    0x080012d0   0x080012d0   0x00000014   Code   RO          678    .text.svcRtxDelay   RTX_CM4F.lib(rtx_delay.o)
    0x080012e4   0x080012e4   0x0000000c   Code   RO          486    .text.svcRtxKernelGetState  RTX_CM4F.lib(rtx_kernel.o)
    0x080012f0   0x080012f0   0x00000154   Code   RO          516    .text.svcRtxKernelInitialize  RTX_CM4F.lib(rtx_kernel.o)
    0x08001444   0x08001444   0x00000088   Code   RO          518    .text.svcRtxKernelStart  RTX_CM4F.lib(rtx_kernel.o)
    0x080014cc   0x080014cc   0x000000e0   Code   RO          897    .text.svcRtxMessageQueueGet  RTX_CM4F.lib(rtx_msgqueue.o)
    0x080015ac   0x080015ac   0x00000134   Code   RO          883    .text.svcRtxMessageQueueNew  RTX_CM4F.lib(rtx_msgqueue.o)
    0x080016e0   0x080016e0   0x000000c0   Code   RO          893    .text.svcRtxMessageQueuePut  RTX_CM4F.lib(rtx_msgqueue.o)
    0x080017a0   0x080017a0   0x00000090   Code   RO          750    .text.svcRtxMutexAcquire  RTX_CM4F.lib(rtx_mutex.o)
    0x08001830   0x08001830   0x000000c4   Code   RO          756    .text.svcRtxMutexDelete  RTX_CM4F.lib(rtx_mutex.o)
    0x080018f4   0x080018f4   0x0000006c   Code   RO          746    .text.svcRtxMutexNew  RTX_CM4F.lib(rtx_mutex.o)
    0x08001960   0x08001960   0x000000b8   Code   RO          752    .text.svcRtxMutexRelease  RTX_CM4F.lib(rtx_mutex.o)
    0x08001a18   0x08001a18   0x00000070   Code   RO          649    .text.svcRtxThreadExit  RTX_CM4F.lib(rtx_thread.o)
    0x08001a88   0x08001a88   0x00000066   Code   RO          657    .text.svcRtxThreadFlagsSet  RTX_CM4F.lib(rtx_thread.o)
    0x08001aee   0x08001aee   0x00000002   PAD
    0x08001af0   0x08001af0   0x0000004c   Code   RO          663    .text.svcRtxThreadFlagsWait  RTX_CM4F.lib(rtx_thread.o)
    0x08001b3c   0x08001b3c   0x000001dc   Code   RO          573    .text.svcRtxThreadNew  RTX_CM4F.lib(rtx_thread.o)
    0x08001d18   0x08001d18   0x00000038   Code   RO          635    .text.svcRtxThreadYield  RTX_CM4F.lib(rtx_thread.o)
    0x08001d50   0x08001d50   0x00000080   Code   RO          129    i.ConfigEXTI        globaldefines.o
    0x08001dd0   0x08001dd0   0x00000040   Code   RO          130    i.ConfigGPIO        globaldefines.o
    0x08001e10   0x08001e10   0x0000002c   Code   RO           85    i.EXTI0_IRQHandler  task.o
    0x08001e3c   0x08001e3c   0x00000020   Code   RO          131    i.LEDSwitchOnOff    globaldefines.o
    0x08001e5c   0x08001e5c   0x0000001c   Code   RO          442    i.SystemInit        system_stm32f4xx.o
    0x08001e78   0x08001e78   0x00000016   Code   RO          311    i._mutex_acquire    rtx_lib.o
    0x08001e8e   0x08001e8e   0x0000000c   Code   RO          312    i._mutex_free       rtx_lib.o
    0x08001e9a   0x08001e9a   0x00000022   Code   RO          313    i._mutex_initialize  rtx_lib.o
    0x08001ebc   0x08001ebc   0x00000012   Code   RO          314    i._mutex_release    rtx_lib.o
    0x08001ece   0x08001ece   0x00000008   Code   RO          315    i._platform_post_stackheap_init  rtx_lib.o
    0x08001ed6   0x08001ed6   0x00000014   Code   RO           86    i.blueLEDTask       task.o
    0x08001eea   0x08001eea   0x0000002e   Code   RO           87    i.greenLEDTask      task.o
    0x08001f18   0x08001f18   0x00000054   Code   RO            4    i.main              main.o
    0x08001f6c   0x08001f6c   0x00000020   Code   RO          400    i.osRtxErrorNotify  rtx_config.o
    0x08001f8c   0x08001f8c   0x00000004   Code   RO          401    i.osRtxIdleThread   rtx_config.o
    0x08001f90   0x08001f90   0x00000022   Code   RO          186    i.osSignalSet       cmsis_os1.o
    0x08001fb2   0x08001fb2   0x0000006a   Code   RO          187    i.osSignalWait      cmsis_os1.o
    0x0800201c   0x0800201c   0x00000018   Code   RO          188    i.osThreadCreate    cmsis_os1.o
    0x08002034   0x08002034   0x00000020   Code   RO          316    i.os_kernel_is_active  rtx_lib.o
    0x08002054   0x08002054   0x00000014   Code   RO           88    i.redLEDTask        task.o
    0x08002068   0x08002068   0x0000000a   Code   RO         1071    x$fpl$fpinit        fz_wm.l(fpinit.o)
    0x08002072   0x08002072   0x00000002   PAD
    0x08002074   0x08002074   0x00000078   Data   RO            7    .constdata          main.o
    0x080020ec   0x080020ec   0x00000064   Data   RO          323    .constdata          rtx_lib.o
    0x08002150   0x08002150   0x00000001   Data   RO          911    .constdata          RTX_CM4F.lib(irq_cm4f.o)
    0x08002151   0x08002151   0x00000003   PAD
    0x08002154   0x08002154   0x000000a0   Data   RO          325    .rodata             rtx_lib.o
    0x080021f4   0x080021f4   0x0000000b   Data   RO          530    .rodata.str1.4      RTX_CM4F.lib(rtx_kernel.o)
    0x080021ff   0x080021ff   0x00000001   PAD
    0x08002200   0x08002200   0x00000020   Data   RO         1139    Region$$Table       anon$$obj.o


    Execution Region ER_RW (Exec base: 0x20000000, Load base: 0x08002220, Size: 0x000014e0, Max: 0xffffffff, ABSOLUTE, COMPRESSED[0x0000003c])

    Exec Addr    Load Addr    Size         Type   Attr      Idx    E Section Name        Object

    0x20000000   COMPRESSED   0x00001040   Data   RW          317    .bss.os             rtx_lib.o
    0x20001040   COMPRESSED   0x00000034   Data   RW          319    .bss.os.msgqueue.cb  rtx_lib.o
    0x20001074   COMPRESSED   0x00000050   Data   RW          320    .bss.os.msgqueue.mem  rtx_lib.o
    0x200010c4   COMPRESSED   0x000000cc   Data   RW            5    .bss.os.thread.cb   main.o
    0x20001190   COMPRESSED   0x00000088   Data   RW          321    .bss.os.thread.cb   rtx_lib.o
    0x20001218   COMPRESSED   0x00000200   Data   RW          322    .bss.os.thread.stack  rtx_lib.o
    0x20001418   COMPRESSED   0x0000000c   Data   RW            8    .data               main.o
    0x20001424   COMPRESSED   0x0000000c   Data   RW           89    .data               task.o
    0x20001430   COMPRESSED   0x00000005   Data   RW          324    .data               rtx_lib.o
    0x20001435   COMPRESSED   0x00000003   PAD
    0x20001438   COMPRESSED   0x00000004   Data   RW          444    .data               system_stm32f4xx.o
    0x2000143c   COMPRESSED   0x000000a4   Data   RW          531    .data.os            RTX_CM4F.lib(rtx_kernel.o)


    Execution Region ER_ZI (Exec base: 0x200014e0, Load base: 0x0800225c, Size: 0x00000668, Max: 0xffffffff, ABSOLUTE)

    Exec Addr    Load Addr    Size         Type   Attr      Idx    E Section Name        Object

    0x200014e0        -       0x00000060   Zero   RW         1013    .bss                c_w.l(libspace.o)
    0x20001540        -       0x00000001   Zero   RW          965    .bss.PendST         RTX_CM4F.lib(os_systick.o)
    0x20001541   0x0800225c   0x00000007   PAD
    0x20001548        -       0x00000200   Zero   RW          432    HEAP                startup_stm32f407xx.o
    0x20001748        -       0x00000400   Zero   RW          431    STACK               startup_stm32f407xx.o


==============================================================================

Image component sizes


      Code (inc. data)   RO Data    RW Data    ZI Data      Debug   Object Name

       164          0          0          0          0       3118   cmsis_os1.o
       224         36          0          0          0      31758   globaldefines.o
        84         26        120        216          0     582202   main.o
        36          6          0          0          0       1029   rtx_config.o
       126          4        260       4945          0      16746   rtx_lib.o
        64         26        392          0       1536        848   startup_stm32f407xx.o
        28          4          0          4          0       1423   system_stm32f4xx.o
       130         10          0         12          0       2097   task.o

    ----------------------------------------------------------------------
       856        112        804       5180       1536     639221   Object Totals
         0          0         32          0          0          0   (incl. Generated)
         0          0          0          3          0          0   (incl. Padding)

    ----------------------------------------------------------------------

      Code (inc. data)   RO Data    RW Data    ZI Data      Debug   Library Member Name

       196         12          1          0          0        536   irq_cm4f.o
       126         32          0          0          1       3111   os_systick.o
        56          4          0          0          0       2838   rtx_delay.o
       618         48         11        164          0      17132   rtx_kernel.o
       264          0          0          0          0       2403   rtx_memory.o
       202          0          0          0          0      16408   rtx_mempool.o
      1368         28          0          0          0      18781   rtx_msgqueue.o
       850         32          0          0          0       9465   rtx_mutex.o
       372         26          0          0          0       5381   rtx_system.o
      2054        112          0          0          0      32390   rtx_thread.o
       228         20          0          0          0      10252   rtx_timer.o
        58          0          0          0          0          0   __dczerorl.o
         8          0          0          0          0         68   __main.o
         0          0          0          0          0          0   __rtentry.o
        20          0          0          0          0          0   __rtentry2.o
         6          0          0          0          0          0   __rtentry4.o
        52          8          0          0          0          0   __scatter.o
        28          0          0          0          0          0   __scatter_zi.o
        18          0          0          0          0         80   exit.o
         6          0          0          0          0        152   heapauxi.o
         0          0          0          0          0          0   indicate_semi.o
         2          0          0          0          0          0   libinit.o
         6          0          0          0          0          0   libinit2.o
         2          0          0          0          0          0   libshutdown.o
         2          0          0          0          0          0   libshutdown2.o
         8          4          0          0         96         68   libspace.o
        68          0          0          0          0         68   rt_memclr.o
        78          0          0          0          0         80   rt_memclr_w.o
       138          0          0          0          0         68   rt_memcpy_v6.o
       100          0          0          0          0         80   rt_memcpy_w.o
         2          0          0          0          0          0   rtexit.o
        10          0          0          0          0          0   rtexit2.o
        12          4          0          0          0         68   sys_exit.o
        74          0          0          0          0         80   sys_stackheap_outer.o
         2          0          0          0          0         68   use_no_semi.o
        10          0          0          0          0        116   fpinit.o

    ----------------------------------------------------------------------
      7060        330         16        164        104     119693   Library Totals
        16          0          4          0          7          0   (incl. Padding)

    ----------------------------------------------------------------------

      Code (inc. data)   RO Data    RW Data    ZI Data      Debug   Library Name

      6334        314         12        164          1     118697   RTX_CM4F.lib
       700         16          0          0         96        880   c_w.l
        10          0          0          0          0        116   fz_wm.l

    ----------------------------------------------------------------------
      7060        330         16        164        104     119693   Library Totals

    ----------------------------------------------------------------------

==============================================================================


      Code (inc. data)   RO Data    RW Data    ZI Data      Debug   

      7916        442        820       5344       1640     756606   Grand Totals
      7916        442        820         60       1640     756606   ELF Image Totals (compressed)
      7916        442        820         60          0          0   ROM Totals

==============================================================================

    Total RO  Size (Code + RO Data)                 8736 (   8.53kB)
    Total RW  Size (RW Data + ZI Data)              6984 (   6.82kB)
    Total ROM Size (Code + RO Data + RW Data)       8796 (   8.59kB)

==============================================================================

