LCD1602.c:11:6:lcdSend	16	static
LCD1602.c:30:6:lcdCommand	16	static
LCD1602.c:34:6:lcdChar	16	static
LCD1602.c:38:6:setCursor	16	static
LCD1602.c:43:6:parametrsToggle	24	static
LCD1602.c:51:6:shiftToggle	24	static
LCD1602.c:58:6:scrollRight	8	static
LCD1602.c:62:6:scrollLeft	8	static
LCD1602.c:66:6:clear	8	static
LCD1602.c:72:6:home	8	static
LCD1602.c:78:6:initLCD	8	static
LCD1602.c:92:6:lcdString	24	static
LCD1602.c:98:5:isIndexInBoundsOfString	32	static
LCD1602.c:108:6:lcdSubString	32	static
