display.c:3:6:lcdSend	16	static
display.c:22:6:lcdCommand	16	static
display.c:25:6:lcdChar	16	static
display.c:29:6:setCursor	16	static
display.c:33:6:parametrsToggle	24	static
display.c:40:6:shiftToggle	24	static
display.c:46:6:scrollRight	8	static
display.c:49:6:scrollLeft	8	static
display.c:52:6:clear	8	static
display.c:57:6:home	8	static
display.c:64:6:initLCD	8	static
display.c:78:6:lcdString	24	static
main.c:73:6:printTextScrollable	24	static
main.c:88:5:main	80	static
main.c:147:6:SystemClock_Config	88	static
main.c:191:13:MX_I2C1_Init	8	static
main.c:225:13:MX_GPIO_Init	56	static
main.c:317:6:Error_Handler	4	static,ignoring_inline_asm
